What kind of movies do you like ?
I have seen the new @204974 yet ?
I liked the @203371 even a good one too .
I liked the superhero movies too , but it too
I liked the first one too .
I liked the first one too .
I hope you enjoy them
Have you seen the new @204974 yet ?
Or @151350 , love @144468
If you 're into the superhero films , try @151350 , it is one of the classic .
I hope you enjoy them
I hope you enjoy them
bye
Bye
Hi there ! What kind of movies do you like ?
Have you seen the new @204974 yet ?
I have n't seen it .
Hi , what kind of movie are you looking for ?
Have you seen @138962 ?
I have n't seen those movies , but I 've heard good things about it yet , but I 'm
I hope you enjoy them ! Have a great day !
you too bye
What kind of movies do you like ?
I have n't seen it yet ?
I have n't seen it , but I really liked it was a lot of people liked it was really
I hope you enjoy them
I like comedies , have seen the movie , I liked ?
I have seen that one .
I would recommend a movie
I hope you enjoy them . Have a great day !
What kind of movies do you like ?
I liked the first one too .
I hope you have a great day !
What kind of movies do you like ?
I have n't seen those movies , but I will have to check those out .
I liked @173785
I hope you enjoy them ! Have a great day !
I hope you enjoy them !
bye
Have you seen @138962 ?
I liked @122385 and @120948 too .
I liked them too .
no problem , have a good day
I like comedies , have seen the movie , I liked ?
I have seen @81792 ?
I have seen @133249 @133249 @133249 @133249 @133249 @133249 @133249 @133249 @133249 @133249 @133249 ?
I hope you have a great day !
I hope you have a great day !
no problem , have a good day !
I have not seen it , but it , but it , but it , but it , but it
I have n't seen it , but it , but it , but it , but it , but it
I hope these suggestions helped you Have a great day !
I love horror movies too ! Particularly gory ones like @85612 @85612 @85612 @85612 @85612 @85612 @85612 @85612 @85612 @85612
@187879 is old school like scary
@187879 is old school
I have n't seen it , but I will have to check it out .
I have not seen it but it , but it , but it , but it , but it ,
What kind of movies do you like ?
Have you seen @81792 or @87208 ? I 've heard @97413 was good , too .
I have n't seen it yet , but I 've heard of it yet , but heard of it yet
I hope you have a great day !
bye
Hi there ! What kind of movies do you like ?
Have you seen the new @187028 yet ?
I have n't seen it . I will have to check those out .
I hope you enjoy them ! Have a great day !
I hope you enjoy them !
I hope you enjoy them ! Have a great day !
ok , bye
Hi there ! What kind of movies do you like ?
I 'm good , thanks !
I am good , thanks !
you too bye
I hope you enjoy them
I hope you enjoy them ! Have a great day !
I hope you have a great day !
I hope you enjoy them ! Have a great day !
I hope you enjoy them
ok
I hope you enjoy them
you too bye
I am good and you ?
I have n't seen it yet , but I will have to check those out .
I have n't seen it , but I have a lot of action
I hope you have a great day !
you too
I hope you enjoy them
You too !
you too
What about ?
@92018 is a good one of my absolute favorites
I hope you enjoy them
I am good , thanks !
I am good , thanks !
I really liked @184098 and a good night
@148674 was good too
I hope you enjoy them all of them all of them all of them
I hope you enjoy them
I hope you enjoy them
I hope you enjoy them
bye
bye
I hope you enjoy the movies
ok , bye
Hi there ! What kind of movies do you like ?
I have n't seen it , but I will have to check those out , i have n't seen it
or @108301
I have n't seen that one , but I 'm not seen that one , but I 'm not seen
I hope you enjoy them !
you are welcome
Hi there ! What kind of movies do you like ?
I have a few movies , and liked was @177112
I have n't seen it .
I hope you enjoy them
I 'm good , thanks !
I liked it
@112297
Yeah it was a good one of the best movie
Kong Skull Island was good .
what have been some of your favorite ?
what have been some of your movie @144550 ?
ok how about @153455
or @138913 (
It 's a great movie .
Your welcome
I 'm good , thanks !
I have seen that one
I have n't seen it yet . I will have to check those out .
Goodnight .
Have you seen the new @204974 yet ?
I have not seen it but I will have to check those out .
I have n't seen it . I will have to check them out .
bye
I liked the sound track to @164128
I liked the original @147934
I liked the original @147934
I 'm not a big X-Men Fan . Hav eyou seen @184089 @184089 @184089 @184089 @184089 @184089 @184089 @184089 @184089
you too bye
I have a few movies too .
I have n't seen that one , is another good one , is @191564
@117816 is a Disney Channel Original ! but since they came out these came out these came out these came
@174489 was also a good one
I have n't seen it .
I have not seen it but it but it but it but it but it but it but it but
I hope you like them !
I hope you enjoy them
Hi there ! What kind of movies do you like ?
Have you seen @82923 those ?
@117816 is a Disney Channel Original ! since they came out @82923 those came out @82923 those came out @82923
I have n't seen @82923 those , @173575 @173575 @173575 @173575 @173575 @173575 @173575 @173575 @173575 @173575 @173575 @173575 @173575
You 're welcome !
I 'm good , thanks for the advice for a good day as well . have a good day for
Have you seen @159885 ?
I hope you have a great day
I have n't seen that one .
I hope you enjoy them ! Have a great day !
I hope you enjoy them ! Have a great day !
I have n't seen that one . I will have to check it out .
You too !
I have seen @133249 @133249 @133249 @133249 @133249 @133249 @133249 @133249 @133249 @133249 @133249 @133249 @133249 @133249 @133249
I have seen @133249 @133249 @133249 @133249 @133249 @133249 @133249 @133249 @133249 @133249 @133249 @133249 @133249 @133249 @133249 @133249 @133249
@133249 is another good one of my favorite of mine
I hope you enjoy them !
Bye
I 'm not a big fan of the recommender this year
I have n't seen it , but I heard of it , it , it , it , it ,
I have n't seen it .
I hope you enjoy the movies
you too
I hope you enjoy the movies
I hope you enjoy the suggestions
I hope you like them ! Have a great day !
I hope you enjoy them
you too bye
I have n't seen that one , but I will have to watch it
I have n't seen that one , but I heard good things about it , but I have been meaning
I hope you enjoy them all of them all of them all of them
I have n't seen it , but I 'm a movie , but I 'm a big budge with @85036
with a great movie
I 'm not a big X-Men Fan . Hav eyou seen @181715 ?
I have n't seen it , but I really liked it myself .
I hope you enjoy them ! Have a great day !
I hope you enjoy them ! Have a great day !
I hope you enjoy them
I hope you like them . Have a great day !
@79284 might be of interest to you as well .
You 're welcome !
ok , how about @140651 ? or @99324 ?
I have n't seen it .
I have n't seen it .
I hope you enjoy them
I hope you enjoy them . Have a great day !
I hope you enjoy them
ok , have a good day
you too
good , you ?
@134885 was good
@78399 oh ok , i hope these helps
@78399 oh ok , i hope these helps
I hope you enjoy them ! Have a great day !
I hope you enjoy them ! Have a great day !
I hope you enjoy them ! Have a great day !
I liked to dance dance dance dance dance ballet like Darla and her friends . The scene with her friends
to each other , I could be better than once and so anyway .
Make sure @159885 @159885 @159885 @159885 @159885 @159885 @159885 @159885 @159885 @159885 @159885 @159885 @159885 @159885 @159885 @159885 @159885 @159885
I hope you enjoy them ! Have a great day !
Hi there ! What kind of movies are you looking for ?
I love horror movies too ! Have you seen the original @115463 ?
I have n't seen it . I heard of it . I really liked it . I would recommend it
I hope you enjoy them ! Have a great day !
I hope you enjoy them . Have a great day !
you are welcome
What kind of movies do you like ?
Have you seen @184418 ?
I liked the original @195148 better . It 's a classic .
What kind of movies do you like ?
I have seen that one , so many movies , so many movies , so many movies , so many
I have n't seen it yet , but I will have to check those out .
I hope you enjoy them ! Have a great day !
Have you seen @123015 ?
I have n't seen it , but I 'm not seen it but I 'm not seen it but I
I have n't seen it .
I hope you enjoy them
I have seen @82894 ?
I have heard it was a lot of them
I hope you like them !
Hi there ! What kind of movies do you like ?
Have you seen the new @204974 yet ?
I have seen it
I have n't seen it .
I hope you enjoy them ! Have a great day !
Ok , bye
Have you seen the new @204974 yet ?
I have not seen it but I will have to see it but it but it but it but it
I have n't seen the sequels . I have enough for you ?
I did n't get you like it . I did n't get you like it . I did n't get
you too ?
I have n't seen it . I will have to see it .
I have a few movies , I can recommend a few more for you ?
I have not seen it yet . I will have to see it but i like it but i like
I hope you enjoy them
I hope you enjoy them ! Have a great day !
I hope you enjoy them ! Have a great day !
ok , bye
I have seen that one , @140749
I have n't seen it yet , but I have heard of it yet , but I have heard of
I hope you have a great day !
I have n't seen it yet , but I heard of it yet , I have heard of it yet
I have n't seen that one , but I liked it .
I liked @116125
I have not seen it , but I will have to check those out .
I hope you like them !
no problem !
I 'm good , you will like @138962
I have not seen it but it but it but it but it but it but it but it but
I have n't seen it .
I hope you have a great day !
Have you seen the new @204974 yet ?
I have n't seen it yet , but I will have to check those out .
I have not seen it but I will have to check those out .
I hope you enjoy them
I hope you enjoy them ! Have a great day !
I hope you enjoy them ! Have a great day !
I hope you enjoy them . Have a great day !
you too bye
Hi there ! What kind of movies do you like ?
I have n't seen it yet , but I heard of it yet , it yet , it yet ,
I liked @119144
I hope you enjoy them
I hope you enjoy them
I hope you enjoy them ! Have a great day !
Hi there ! What kind of movies do you like ?
I have n't seen those , but I will have to check those out soon .
I have n't seen those , but I will have to check those out .
I hope you enjoy them
I hope you enjoy them !
I hope you have a great day !
I hope you have a great day !
bye
bye
I liked @140859
I have n't seen it .
Have you seen @77707 ?
I have n't seen it yet . I will have to check it out .
I hope you enjoy them ! Have a great day !
I like comedies , have seen the movie , I liked ?
I liked the @203371 series too .
I liked the @203371 series too .
Have you seen @81792 ?
I have n't seen @82923 @82923 @82923 @82923 @82923 @82923 @82923 @82923 @82923 @82923 @82923 @82923 @82923 @82923 @82923 @82923
I have n't seen it , but I 'm not seen @94078 I was good .
What kind of movies do you like ?
I hope you enjoy them ! Have a great day !
I hope you enjoy them
I hope you enjoy them
I hope you have a great day !
Hmm .. @149402 I 'm looking for a suspense
I have n't seen it , but it , but it
I hope you enjoy them
you are welcome
I liked @140859
I have n't seen it .
I have n't seen it .
I have n't seen it .
I have n't seen it .
I hope you enjoy them ! Have a great day !
I have n't seen it .
you too
Hi there ! What kind of movies do you like ?
I have n't seen it yet ?
I have n't seen that one , but I have to admit I 've seen that one .
I hope you enjoy them ! Have a great day !
I hope you enjoy them ! Have a great day !
Sure , how about the new @204974
I have n't seen the sequels , but I have n't seen that one .
I have n't seen it .
I have n't seen it .
I hope you enjoy them . Have a great day !
what kind of movies do you like ?
@140066 was another funny one
Chris Pratt is pretty funny
@140066 was a good one too
Have you seen @138962 ?
I have n't seen it .
I hope you enjoy them
Hi there ! What kind of movies do you like ?
I also liked the original @204794 too
I liked the original @106233 better than the original was good too
I have n't seen it yet , but I will have to check those out .
I hope you enjoy them ! Have a great day !
I hope you enjoy them ! Have a great day !
Have you seen @163410 ?
Have you seen @125431 ?
I have n't seen it . I will have to check those out .
I hope you enjoy them ! Have a great night !
Hi there ! What kind of movies do you like ?
Have you seen the new @187028 yet ?
I liked the original @106233 and is a good one
I liked the original @195148 better .
I have n't seen it , but I will have to check it out .
I have n't seen it . I will have to check it out .
I hope you have a great day !
I have n't seen it , but I will have to check it out .
I have n't seen it , but I 'm not seen it , but I 'm not seen it but
I have n't seen it , but I really liked it , but I hope you have a great day
ok , have a good day !
I love @116630
I have n't seen it yet , but I 'm not seen it , but I 'm not seen it
I have n't seen it , but I 'm not seen it , but I 'm not seen it ,
I hope you enjoy them ! Have a great day !
I hope you enjoy them ! Have a great day !
Hi there ! What kind of movies do you like ?
I have n't seen it , but I heard of it , but I have heard of it , but
I have n't seen it , but I 'm not seen the movie , but I 'm not seen the
I hope you enjoy them
I hope you enjoy them
ok , bye
Hi , what kind of movies are you looking for ?
I have n't seen it , but I heard of it , it , it , it , it ,
I have n't seen it .
I have n't seen it .
I hope you enjoy them . Have a great day !
you too
what kind of movies are you looking for ?
I have not seen it but I heard of it but I would recommend @119146
ok
ok
ok , @160661 was a true story
ok , @160661 was really good
Have you seen @109963 ? Or @195523 ? @200204 was good too .
Hi , what kind of movie are you looking for ?
@151089 @159800
I liked the original @115463 movies too .
I hope you enjoy the movies
I hope you have a great day !
did you see @153346 was scary too
Hi , I can recommend some movies for you ?
Have you seen the new @187028 ?
Have you seen @94078 @94078 @94078 @94078 @94078 @94078 @94078 @94078 @94078 @94078 @94078 @94078 @94078 @94078 @94078 @94078 @94078
I hope you enjoy them
You too !
What type of movies do you like ?
Have you seen @120047 ?
I have n't seen that one , but I 'm a lot of them , but I 'm a good
I have not seen it , but I heard of it , but I 'm not seen it , but
you too bye
Ewww ! Have you seen @167756 ?
@88484 I heard it was pretty good too .
@88484 I heard it was another good one too .
I have not seen it but it but it but it but it but it but it but it but
Hi there , what kind of movies do you like ?
Have you seen the new @204974 yet ?
Have you seen @106233 ?
I have not seen it but I will have to check it out myself
bye
Have you seen the new @83552 ?
I have seen it
I have seen that one , how about @85417
I have not seen them
I have not seen them
I have n't seen that one .
I hope you enjoy them
Hi there ! What kind of movies do you like ?
I have seen that one , but I have heard of the new @83552
I 'm not sure , but I can find a few more movie
I hope you enjoy them ! Have a great day !
bye
good and you ?
nice ! ! ! ! ! ! ! ! ! ! ! ! ! ! ! ! ! ! !
@148674 was good too
I hope you enjoy them
Hi , I can !
I have seen it
I have seen it
I hope you enjoy them ! Have a great day !
Your welcome
good and you ?
I 'm good , you might like @79851 with jim carey .
@184418 was a good movie
you are welcome
I have n't seen it yet , but I will have to check those out .
I have n't seen it .
I have n't seen it yet . I will have to check those out .
I hope you enjoy them . Have a great day !
I hope you enjoy them . Have a great day !
what about @193711 ?
thanks have a great day
What type of movies do you like ?
@181065 . I liked that story . I liked that story . I liked that story . I liked that
@181065 . I liked him in a kid . I liked him in a kid . I liked him in
I liked them too
bye
I like the movie too
I have n't seen it yet , but I will have to check those out .
I hope you enjoy them
I like comedies , have seen the movie , I liked ?
@92018 is a good one of my absolute favorites .
@92018 is a good one of my absolute favorites .
I hope you have a good day !
Hi there ! What kind of movies do you like ?
Have you seen the new @204974 ?
I have n't seen it , but I 'm not seen it , but I 'm not seen it ,
I hope you enjoy them
you are welcome , have a good night
you are welcome , have a good night
you too bye
I have seen that one , but I have a good day
I have n't seen it yet , but I heard of it yet , I have heard of it yet
I have seen that one
ok , bye
What kind of movies do you like ?
I have seen the new @204974 yet ?
I have n't seen it , but I am not seen the new @204974
I have n't seen that one .
I have n't seen it yet . I will have to check it out .
What kind of movies do you like ?
Have you seen @81792 ?
I have heard of it
I hope you enjoy them ! Have a great day !
I hope you enjoy them !
Hi there ! What kind of movies do you like ?
Have you seen @106233 ?
I have n't seen that one yet .
I hope you have a great day !
I hope you enjoy them ! Have a great day !
I hope you enjoy the suggestions . Have a great day !
Hi , what kind of movies do you like ?
I 'm good , thanks
_UNK_ is a good one of the best family movie marathon today
no problem
I hope you enjoy them ! Have a great day !
you are welcome , have a good day
you are welcome , have a good day
I like action movies too .
@136810 is another good one
@121726 is a great action movie with John Travolta
@121726 is a great action movie with John Travolta
agree he was amazing in that one of those movies
Hi , what kind of movies do you like ?
What kind of movies do you like ?
Have you seen @134885 yet ? It was good
I hope you enjoy them
you are welcome , have a good day
you are welcome
I hope you enjoy them
Kong Skull Island was good .
I like comedies , have seen the movie , I liked ?
Have you seen the new @204974 yet ?
Have you seen the new @83552 ?
Bye
bye
Hi there ! What kind of movies do you like ?
I 'm good , thanks !
I have n't seen it . I will have to check those out .
I hope you enjoy the movies
I hope you enjoy the movies
Hi , what kind of movies do you like ?
I 'm good , i have seen a fan of the @106674 movies too !
I have n't seen it , but I will have to go to go to go to go to go
I hope you enjoy them
I hope you enjoy them
you are welcome
What kind of movies do you like ?
Have you seen the new @204974 yet ?
I have n't seen it . I will have to check it out .
I hope you enjoy them ! Have a great day !
Hi there ! What kind of movies do you like ?
I 'm good , thanks
or @108301
Hmm .. @149402 I 'm looking for a suspense
ok , @160661 was really good as @166131 was more of a good film
ok , bye
Hi , I can recommend a few films like ?
I have seen it
I have seen all the new @204974 yet ?
I hope you enjoy the movies
haha
you too bye
Have you seen @81792 ?
@188831 this will be a great movie
I have a few movies , I can certainly do n't seen recently and I can certainly do you like
I liked the first one too .
or @149260 ?
no prob bye
I have n't seen that one , but I have stated ?
I have n't seen it .
I have n't seen it .
I liked @173785 was @121179
I hope you enjoy them . Have a great day !
you too bye
What kind of movies do you like ?
Have you seen @162647 yet ?
Have you seen @159885 ?
@159885 is another good one
@159885 is another good adventure adventure adventure adventure adventure adventure adventure adventure adventure adventure adventure adventure adventure adventure adventure adventure
Hi , what kind of movies do you like ?
I have seen @82894 ?
I have n't seen it , but I 'm not seen it but I 'm not seen it but I
I hope you enjoy them ! Have a great day !
I hope you enjoy them ! Have a great day !
Hi , what kind of movie are you looking for ?
Have you seen @184418 ?
I have seen the new @187028 yet ?
bye
I hope you like the movie day !
yes it was a good one
yes , it was a good movie
I hope you enjoy them
I 'm good and you ?
or a classic
or a classic
I hope you enjoy them . Have a great day !
I have n't seen it .
I hope you enjoy them ! Have a great day !
What kind of movies do you like ?
Have you seen the new @83552 ?
I have n't seen that one , but I 'm glad to have a good day !
I have n't seen that one , but I will have to check those out .
I hope you enjoy the suggestions !
Hi there ! What kind of movies do you like ?
I liked the original @204794 too
I liked the original @204794 too
I hope you enjoy them ! Have a great day !
I have n't seen it . I will have to check it out .
I hope you have a great day !
@182731
@204895 is a good one
I have n't seen it , but I have to the @82923
I hope you have a great day !
you too
you too
good , you ?
I have seen that one , but I have heard of it ?
I have n't seen it , but I heard of it , but I can understand .
I hope you enjoy them ! Have a great day !
I hope you enjoy them ! Have a great day !
I hope you enjoy them
I hope you enjoy them ! Have a great day !
I have n't seen it , but I heard of it , it , it , it , it ,
If you like futuristic utopian stories then there is @110309 and a dystopian world in anamadium claws .
I have n't seen it , but I 'm not seen lately ?
I hope you enjoy them
ok
hi there
I liked both of those too
Ugh was better than @132457 Just kidding
I hope you enjoy them
I hope you enjoy them
I agree with you will like it
I hope you enjoy them
Have you seen @184418 ?
I have n't seen it yet , but I heard of it yet . I have heard of it yet
I liked it too .
I hope you enjoy them !
I have n't seen it yet . I will have to go see it . I can find a few
I have n't seen it .
I hope you enjoy them ! Have a great day !
I hope you enjoy them !
you too bye
Sure , how are you ?
I have n't seen it yet , but I will have to check those out .
showing up her feelings a different set @117324 @117324 @117324 @117324 @117324 @117324 @117324 @117324 @117324 @117324 @117324 @117324 @117324
I hope you enjoy them
I hope you enjoy them
What kind of movies do you like ?
Have you seen any of the new movies ?
I have n't seen it .
I hope you enjoy them ! Have a great day !
What kind of movies are you looking for ?
I have n't seen it .
I have n't seen it .
I have n't seen it .
I hope you enjoy them
you are welcome , have a good night
Hi there ! What kind of movies do you like ?
I have seen the new @204974 yet ?
I hope you have a great day !
Have a good day !
ok bye
I liked the movie too
I hope you enjoy them , have a great day !
ok , bye
I have n't seen that one .
I have n't seen any of the sequels ?
I have n't seen that one , but I 'm not seen that one , but I 'm not seen
I have n't seen it , but I heard of it , but I 'm not seen it , but
yeah , it was a good one too
I have n't seen the newest one .
You 're welcome . Have a great day !
Hi there ! What kind of movies do you like ?
I have a good day
I have n't seen that one , but I will have to check those out .
I hope you have a great day !
I have n't seen it , but I saw it was a few years ago , but it was good
I have n't seen it .
I hope you enjoy them ! Have a great day !
you too bye
Hi there ! What kind of movies do you like ?
Sure , how about @205744 ... only the theatre haha
I have n't seen it . I 've heard of it . I have stated ?
I hope you enjoy them
No problem . Have a good day !
Sure , can you give me a few minutes
Have you seen the new @204974 yet ?
I liked the first one too
I liked the superhero movies too
bye
What kind of movies do you like ?
Sure , how about you ?
or @138913 (
ok , how about @171914 or @123939 ?
I hope you enjoy them
you too bye
I really liked @184098 and @111429 are both of them
I liked it too
I liked it
I have n't seen that one , but I will have to check those out .
I have n't seen it , but I heard of it , it , it , it , it ,
I have n't seen it , but I heard of it , it , it , it , it ,
I have n't seen it , it , it , it , it , it , it , it ,
Hi there ! What kind of movies do you like ?
I have n't seen it yet , but I 'm not seen it yet , but I 'm not seen
I hope you enjoy them
Your welcome . Have a great day !
Bye
Great ! Have a good day
One of my favorites is @191564 and also @119146
@188831 this will be a great movie
@188831 this will be a great movie
I hope you enjoy them
good , you ?
I am good and you ?
I have seen that one
I have seen that one
@147970 was good I do plan to watch it
Bye
no problem , have a good day
no problem , have a good day
@188831 this will be a great movie
@94474 was a good movie
ok , bye
@181065 . I liked him in @149916 , but it was a lot of the movie .
Have you seen @125431 ?
I liked it too .
I hope you enjoy them . Have a great day !
you are welcome
I love those movies too . Have you seen @123015 ?
I have n't seen it yet . I will have to check those out .
I hope you enjoy them ! Have a great day !
I hope you enjoy them ! Have a great day !
bye
I have not seen those movies , but I will have to recommend @184418
I liked the @203371 series too .
I hope you like them ! Have a great day !
I hope you like them ! Have a great day !
I hope you enjoy the movies
you too bye
I 'm good , thanks !
I liked @173785
I liked @173785
bye
what type of movies do you like ?
Sure , let me think
@142890 was a good one , and @144628
I liked the first one too
@184098 was good
I hope you have a great day !
Ok , have you seen @176922 ?
Hmm .. @149402 I 'm looking for a suspense
@199532 was quit hilarious
@141732 and @163162 is also pretty funny
I have n't seen it .
I have n't seen it .
I have n't seen it .
I liked @96440 .
I hope you enjoy them . Have a great day !
I hope you enjoy them
you too bye
@191911 have you seen those movies ?
Ugh was good . @167936 with that dummy channing tatum lol @194253 and send you @90691 lol @194253 and send
Ugh was good . @167936 with that dummy channing tatum lol @194253 i guess
ok
Hi , what kind of movies do you like ?
I am good , thanks
ok , @160661 was a true story
I hope you enjoy them ! Have a great day !
I hope you enjoy them . Have a great day !
you too bye
What kind of movie can I help you with ?
I liked @140859
What about @182697 ? It 's older but different from the 80 's older but different from the 80 's
night
Hi , what kind of movie are you looking for ?
Have you seen the new @187028 yet ?
I liked the original @195148 better .
I liked it too .
I hope you enjoy them
I have n't seen it , but I heard of it , but I really liked it , but I
I have n't seen it . I will have to see it . I like it .
@153084 was also @134489 . I enjoyed that one .
I liked it too .
I have n't seen it yet . I will have to check those out .
I have n't seen it yet . I will have to check those out .
bye
Hi , what kind of movies do you like ?
I have a good day
Ugh ... @167936 with that dummy channing tatum lol @194253 i guess
I hope you like them
I hope you enjoy them
you are welcome
Have you seen @138962 ?
I have n't seen that one , but I 'm not seen that one , but I 'm not seen
I have n't seen that one , but I 'm not seen that one , but I will have to
you too bye
Hi there ! What kind of movies do you like ?
I have n't seen it yet . I will have to see it
I have n't seen it yet . I will have to see it . I hope you have a great
Sure can you give me a few minutes
Ugh was better than @132457 Just kidding Wrong movie
Hi , what kind of movies do you like ?
Have you seen @138962 ?
I have seen that one , but I have heard good things about them , have been watching the money
I also like @140859
I hope you enjoy them
you too
What kind of movies do you like ?
Have you seen @81792 ?
I liked both of those too .
you too
Hi , I can recommend some movies for you ?
I liked the Streaming only one that came out this year
You 're welcome , have a good day
Hi there ! What kind of movies do you like ?
@165710 was a good choice
Have you seen @204895 ?
How about @136983 That was pretty good
How about @136983 Or @189887 or @136983
It was about a boy whose daughter and reports her son son son son son son son son son son
@204895 is also a cute movie
Bye
Hi , what kind of movies do you like ?
I have n't seen it , but I will have to go see it .
I have not seen it , but it , but it , but it , but it , but it
I have n't seen it , but I 'm not seen it but I will have to check it out
I hope you enjoy them ! Have a great day !
Hi , what kind of movie are you looking for ?
Of course , I would recommend @82657
It 's a good one of the best movie .
It 's a great movie .
Hi , what kind of movies do you like ?
I have seen that one
I have not seen it , but it , but it , but it , but it , but it
@98659 and @161572
ok , @185684 is set in france
Hi , what kind of movie are you looking for ?
Have you seen @138962 ?
I have seen it
I have n't seen it .
I hope you enjoy them ! Have a great day !
I have seen that one
I liked @170037 and really liked it a good one too
I also liked @178711
I have n't seen it .
I hope you enjoy them ! Have a great day !
I like the older movies too
I like the older movies too
Or how about @160038
I hope you enjoy them
Hi there ! What kind of movies do you like ?
Of course , I would recommend @82657
If you like adventure , I would like @151350 , not like it is an older film , not ,
Hi , I can recommend some movies for you ?
I liked the original @195148 better .
I liked the original @195148 better .
I hope you enjoy them
I hope you enjoy them
I hope you enjoy the movies
I hope you enjoy them . Have a great day !
I have seen that one
I would recommend @82657
I have seen that one
I hope you enjoy them
you too bye
you too bye
Hi , what kind of movie are you looking for ?
I have n't seen it , but I will have to check it out .
I have not seen it , but I will have to check those out .
I have n't seen it .
you too bye
Current or past ?
I have not seen it but it but it but it but it but it but it .
I have n't seen it . I will have to check it out .
I have not seen it but it but it but it but it but it but it but it but
bye
bye
I like horror movies too
I have n't seen it . I heard of it . I really liked it . I would recommend it
I have n't seen it .
I have n't seen it . I will have to check it out .
I have not seen it but I will have to add it to my list
I hope you enjoy them ! Have a great day !
Have you seen @135508 ? It 's very frightening
I liked @140859
Being possessed .
@148674 was creepy and creepy
I hope you like them ! Have a great day !
I really liked @187028
I really liked @187028
I liked the original @204794 too
No problem . Have a good day !
@79284 might be of interest to you as well .
I am good and you ?
Have you seen @165710 ?
I have not seen it but I really liked it but I also a problem
I hope you enjoy them ! Have a great day !
Hi , what kind of movies do you like ?
Have you seen @132728 ?
I have not seen it , but I will have to check those out .
I have n't seen it yet .
bye
what kind of movies do you like ?
@142890 was a good one , and @144628
@184098 is a good one of those types of movies are both really good movies
I hope you have a great day bye
Have you seen @138962 ?
I have seen that one
I have seen that one
I hope you have a great day !
Hi , what kind of movies do you like ?
Have you seen @163410 ?
YAY I can help with that one with that one with that one with that one with that one with
It 's about a dysfunctional family that communications through food and meals
I have seen that one
I liked @81792 and @159885 and @159885 and @159885 and @159885 and @159885 and @159885 and @159885 and @159885 and
I think you would like to watch @173343
I hope you like them !
Hi , what kind of movie are you looking for ?
I have n't seen that one , but I have you seen the new @83552 ?
I have to smack Gaylord in that one . He just stopped lying !
I have not seen that one , but I will have to check those out myself
If you liked that one too
I have n't seen that one , but I will have to check it out .
I hope you enjoy them
What kind of movies do you like ?
Have you seen the new @204974 yet ?
Have you seen the new @204974 yet ?
It 's a great movie , I hope you enjoy them !
good bye
Hi there ! What kind of movies do you like ?
I 'm good , you ?
Have you seen the new @204974 ?
I have not seen it but I will have to check those out .
@121726 is a great action movie starring John Travolta
I liked the sequels too
What kind of movies do you like ?
I 'm good , thanks !
Love those movies ! Have you seen @163410 sorry to send at once
I hope you enjoy the movies
I hope you enjoy them
you too
Have you seen the new @204974 yet ?
Have you seen @148904 ?
Have you seen @148904 and @170305 yet ?
I liked the @203371 series too .
I hope you enjoy them
I 'm good , thanks !
@188831 this will be a great movie
@188831 this will be a great movie
@188831 this will be a great movie
I have n't seen it yet , but I 'm not seen it , but I 'm not seen it
I hope you have a great day !
I 'm good , thanks !
I 'm good , thanks !
I have seen it yet .
I also really liked @198460 and @89176
@98659 And @161572 are both the new movie the new movie the new movie the new movie the new movie
Ugh was better than @132457 Just kidding Wrong movie
Have you seen the new @83552 ?
Have you seen @148231
good and you ?
I 'm good , thanks for asking
I have seen the new @187028 ?
you too bye
I liked it too .
I liked the movie too
ok , @185684 is set in france
I 'm good , you ?
I 'm not a fan of action
I have seen that one
I have seen it yet , I really liked it a lot of action movie too
@121726 is a great action movie starring John Travolta
Trust me
Have you seen @159885 ?
I have not seen it but I heard it but I have heard it but I have heard it but
Also @159885 is another good one of mines
you too
I hope you enjoy them !
I have n't seen it , but I will have to check those out .
I have n't seen it . I will have to check those out .
I hope you enjoy them ! Have a great day !
I hope you enjoy them . Have a great day !
you too
you too
I am good and you ?
@184418 was a good one
I have not seen it but I will have to check it out .
I hope you have a great day !
Right . So you like @204895
@163510 also starring michael murrey
ok , goodbye
ok , how about the new one
I have n't seen those . I will have to check those out .
I hope you like it
you too
or @138913 (
or @138913 (
@183943 is good too .
Or @153411
You 're welcome ! Have a great day !
good luck goodbye
ok , how about @153455
I hope you enjoy them , have a great day !
I hope you enjoy them
I hope you enjoy them
I hope you enjoy them
Hi there , what kind of movies do you like ?
oh ok
I have not seen that one , but I heard good things about @111540
ok
you too
Hi , what kind of movies are you looking for ?
I have seen that one , but I liked it too
ok , @160661 was really good as @166131 was more of a good film
ok , i hope you enjoy them
ok , i hope you enjoy them
no problem , have a good day
You 're welcome , bye
I have seen it
I hope you have a great day !
I hope you enjoy them !
I hope you enjoy them !
I hope you enjoy them !
I hope you have a great day !
I have n't seen it , but I 'm not seen it but I 'm not seen it , but
ok , glad to you too
ok , have a good day
you are welcome
you too
You are welcome ! Have a great day !
Hi there ! What kind of movies do you like ?
I have not seen it but I heard of it but I really liked it but I heard of it
kicking butt
I hope you enjoy them
you too bye
What type of movies do you like ?
what kind of movies do you like ?
I have n't seen that one . I have to . I have to . I have to . I
I have n't seen that one . I 've been a while I 've seen that one . I 've
You 're welcome . Have a great day .
Hi there ! What kind of movies do you like ?
I have a few movies , and liked was @152877
Not a problem : )
Not a problem !
What kind of movies do you like ?
Have you seen the new @204974 yet ?
Have you seen @201861 ?
I hope you enjoy them ! Have a great day !
I hope you enjoy them
you too
Hi there ! What kind of movies do you like ?
Have you seen the new @204974 yet ?
@121726 is a great movie with John Travolta and Denzel Washington ?
@121726 is a great movie starring John Travolta
I hope you enjoy them
no problem !
Hi , what kind of movies are you looking for ?
I love comedies too ! Have you seen @184098 ?
I love comedies too ! Have you seen @169419 ?
I hope you have a great day !
bye
Hi there ! What kind of movies do you like ?
Have you seen @163410 ?
I have n't seen it . I heard @150318 was good .
I hope you enjoy them all of them all of them all of them all of them all of them
I have seen the new @204974 yet ?
I have n't seen it yet , but I will have to check those out .
I have n't seen it . I will have to check those out .
I have n't seen it .
I liked the first one too .
Have you seen the new @204974 yet ?
Have you seen the new @204974 yet ?
I have not seen it but I will have to check them out .
I hope you enjoy them
Hi there ! What kind of movies do you like ?
Sure , can you give me a few minutes
I have seen it
I have n't seen it .
I hope you have a great day bye
Your welcome . Have a great day !
Have you seen the new @204974 yet ?
I have seen the new @204974 yet ?
you too bye
Sure can you give me a few minutes
@165380 this one is a time less classic is a time less classic is a time less classic is a
Kong Skull Island was good .
@159499 and @193272 and @169953 are also really good clean movies
I hope you have a good day bye
Hi there ! What kind of movies do you like ?
I have n't seen it yet , but I 'm not seen it yet , but I 'm glad you
I hope you like them ! Have a great day
I hope you like them ! Have a great day
I hope you enjoy them
I have n't seen it . I heard it . I have stated ?
I hope you enjoy them
you too
you are welcome
you are welcome , bye
I liked both of those too .
I liked both of those too .
I liked both of those too .
have a good day
Yeah , it was
I hope you enjoy them
I hope you enjoy them
I hope you enjoy them . Have a great day !
Hi , what kind of movies do you like ?
@120726 very different
@98659 And @161572 are both the new movie the new movie the new movie the new movie the new movie
@98659 And @161572 are both the new movie the new movie the new movie the new movie the new movie
I hope you have a great day !
I hope you enjoy them ! Have a great day !
You 're welcome . Have a great day !
Hi , what kind of movies do you like ?
I 'm good , thanks !
You 're welcome ! Bye !
You might also be a classic !
I hope you enjoy them ! Have a great night !
I hope you enjoy them ! Have a great day !
I hope you enjoy them ! Have a great day !
I hope you enjoy them
I have n't seen it .
you too bye
Have you seen @174617 yet ?
Current or past ?
I have n't seen it , but I will have to admit it a bit of a bit of a
I have not seen it , but it , but it , but it , but it , but it
I hope you enjoy them
I hope you enjoy them
I hope you enjoy them
ok bye
bye
bye
Hi , what kind of movie are you looking for ?
@134885 was good .
I liked the sequel @152329
I liked the sequel @170376 too .
I hope you enjoy them
@203644 with Matt Damon was another good one . I like Van Diesal .
ok , @185684 is set in france
you too
you too bye
What kind of movies do you like ?
ok , how about @171914 or @123939 ?
I hope you enjoy the movies
I hope you have a great day !
I hope you enjoy them
I hope you enjoy them ! Have a great day !
you are welcome
ok , @160661 was a true story based on a true story based on a true story based on a
kicking butt
ok , bye
Hi , what kind of movie are you looking for ?
Have you seen @163410 ?
me too
I hope you enjoy them
you are welcome
I have n't seen that one , but I will have to check those out
ok , have a good day
I hope you enjoy them ! Have a great day !
you are welcome
Hi there ! What kind of movies do you like ?
I can recommend a few movies for you ?
I have a few movies , and liked was @177112
I hope you enjoy them
I have n't seen that one .
I hope you have a great day !
bye
What kind of movies are you looking for ?
okay .. well enjoy @155140
okay .. well enjoy watching @160038 maybe @102513 ! have n't seen it comes back ! have n't seen @77293
you too bye
ok , bye
I can recommend a few movies for you ?
I have not seen it , but it , but it , but it , but it , but it
I liked the first one too . I also liked the first one too .
you too bye
I 'm good , thanks !
Kong Skull Island was good .
Kong Skull Island was good .
I hope you enjoy them
Do you like movies ?
You 're welcome !
Hi there , what kind of movies are you looking for ?
oh ok , have you seen the new @204974 ?
I 'm not a fan of the marvel
I hope you enjoy them !
you are welcome
I have sons so let me spice those let me spice those let me spice those let me spice those
I 'm not sure , but I can find a good one of them
I hope you enjoy them ! Have a great day !
I hope you enjoy them ! Have a great day !
What kind of movies do you like ?
I liked the first one too .
I liked @99452 Not bad . I hope I hope I hope I hope I hope I hope I hope
I have n't seen that one . I will have to check those out .
I hope you enjoy them
bye
I have seen that one
I have n't seen it , but I will have to check those out .
I have n't seen it .
I 'm good , thanks !
I 'm good , thanks for asking
Have you seen the new one @199081 ?
Understandable haha . I had fun and maybe @151350
I have n't seen that one , but I will have to watch it .
I hope you enjoy them all of these movies
I hope you enjoy them
Well , you will like the same with the characters .
I hope you have a great day !
I hope you enjoy them ! Have a great day !
I have n't seen it .
I have n't seen it .
I hope you enjoy them
I 'm doing well
I have seen it yet ?
I have not seen it yet , but it yet , but it yet , but it yet , but
bye
I 'm good , you too !
I have seen that one .
There is a classic .
I have a good day
There is also a classic .
I hope you enjoy them
I hope you enjoy them ! Have a great day !
I liked the movie .
@141732 and @192815 are you could see these movies
Another good one is @141732 @141732 @141732 @141732 @141732 @141732 @141732 @141732 @141732 @141732 @141732 @141732 @141732 @141732 @141732 @141732
I liked the sequels too .
I have n't seen it yet . I will have to check those out .
I hope you enjoy them ! Have a great day !
I hope you enjoy them ! Have a great day !
you too
you are welcome
Bye
Have you seen the new @204974 yet ?
I have seen them all of them .
yahs
I have not , but I have heard of it was good . I have heard of it was good
I hope you enjoy them
I hope you enjoy them
bye
I 'm good , thanks !
I 'm not a fan of the anime @92018 might be a good one to look into .
Have you seen @184098 ?
ohhh @165710 is a great choice @167596 with that are you are you are you are you are you are
Understandable haha . I had fun and fun and fun and fun and fun and fun and fun and fun
Understandable haha . Have fun watching it .
I am good and you ?
I am good and you ?
Have you seen the new @204974 yet ?
Have you seen the new @204974 yet ?
one is n't the one , one , one , one , one , one , one , one ,
n't the one , one , one , one , one , one , one , one , one ,
Hi , what kind of movie are you looking for ?
I 'm good , you ?
I 'm good , thanks !
I have not seen that one , but I will have to check those out myself
I have n't seen that one . I will have to check it out .
I have not seen it but it but it but it but it but it but it but it but
Im good , good , good , good , good , good , good , good , good , good
Sure can you give me a few minutes
Love action movies !
I have not seen it but I will have to it but it but it but it but it but
or a classic like the magnificient Seven and a newer version
WHAT ABOUT @78418
I hope you enjoy them
I hope you enjoy them
I 'm good , you ?
I 'm good , you ?
I 'm good , you ?
@98659 And @161572 are both the new @204974 movie the new @204974
@98659 And @161572 are both the new @204974
Understandable haha . I had fun and fun and fun and fun and fun and fun and fun and fun
I hope you have a great day !
I 'm good , thanks !
Sure , can you give me a few minutes
I hope you enjoy them ! Have a great day !
bye
I have not seen that one , but I will have to watch it but it but it but it
ok , @160661 was a true story
Sure can you give me a few minutes
I have seen it
I have seen it
I have n't seen that one .
Hi there ! What kind of movies do you like ?
Sure ! @140749 is a good choice
I have n't seen that one .
I hope you enjoy them ! Have a great day !
I hope you enjoy them ! Have a great day !
Hi there ! What kind of movies do you like ?
Have you seen the new @204974 yet ?
I have n't seen it .
I hope you enjoy them ! Have a great day !
you too
Have you seen @132728 ?
I also liked @132725 .
I also liked @132725 .
I hope you enjoy them ! Have a great day !
I have n't seen it . I heard of it . I can find a movie
ok , let me think of some movies
or the new @204974
I hope you enjoy them
you are welcome . Have a great night .
I have seen that one , but I have heard of it
I have not seen it , but I heard it , but I 'm not seen it , but I
I have not seen it , but I heard of it , but I 'm not seen it , but
I hope you enjoy them ! Have a great day !
I have seen the new @83552 ?
I have n't seen it , but I heard of it , I have heard of it , I have
I hope you enjoy them ! Have a great day !
I hope you enjoy them ! Have a great day !
You 're welcome . Have a great day !
Hi , what kind of movie are you looking for ?
Have you seen @138962 ?
Have you seen @138962 ?
I have n't seen that one , but I will have to check those out .
What kind of movies do you like ?
I have n't seen it , but I heard good things about it , it , it , it ,
I hope you enjoy them ! Have a great day !
I hope you enjoy them ! Have a great day !
I hope you enjoy them ! Have a great day !
@159499 and @193272 and @169953 are also really good movies
Hi , what kind of movie are you looking for ?
Have you seen @82923 those ?
I have n't seen it yet , but I 'm a big fan of the action
I hope you enjoy them
bye
I have seen @165710
I have seen @165710
I have not seen it yet , but it yet , but it yet , but it yet , but
I hope you enjoy them !
Hi there , what kind of movies are you looking for ?
I have n't seen it yet , but I heard of it yet , but I can recommend movies ,
I have n't seen it .
I hope you enjoy them ! Have a great day !
or a classic horror movie @187028
I have n't seen it . I 've heard of it . I have heard of it . I have
I hope you enjoy them . Have a great day !
I have seen @165710 ?
I have n't seen it yet , but I have heard of it yet , I have heard of it
Have you seen the new @187028 ?
I liked the @203371 series too .
I hope you enjoy the movies
I hope you enjoy them !
I hope you have a good day !
I hope you enjoy them
Hi there ! What kind of movies do you like ?
Have you seen @150941 ? It has @145997 ?
Have you seen @96254 ?
Also , @150941 is a good musical .
Also the music is good .
bye
What kind of movie can I help you with ?
Have you seen @81792 ?
she 's a good one of them teaches children
no problem
What kind of movies do you like ?
Have a great day
It was a great movie .
ok , have a good day
Hi there ! What kind of movies do you like ?
I have seen @140749 ?
I have n't seen it , but I 'm not seen @165710
I have n't seen it , but I 'm not seen it but I 'm not seen it but I
I have n't seen that one , but I 'm a lot of people and I hope you have a
I hope you have a great day !
I hope you enjoy them . Have a great day !
What kind of movies do you like ?
I liked @140859
It 's a great movie . A lot of people like is trying to find a lot of people and
I have n't seen it . I 'm not seen it but I 'm not seen it but I 'm
I hope you enjoy them , have a good day !
Hmm .. @149402 I 'm a suspense
@184418 was a good one
I have not seen it but it but it but it but it but it but it but it but
I liked @140859
I have n't seen that one , but I will have to check those out .
I have not seen that one , but it but it but it but it but it but it but
I hope you enjoy them
ok
I 'm good , thanks !
I am good and you ?
I have not seen it , but I heard it , but I 'm not seen it , but I
I hope you enjoy them ! Have a great day !
I hope you enjoy them ! Have a great day !
I have not seen that one , but I will have to check it out myself .
I hope you have a great day !
I hope you have a great day !
Hi there ! What kind of movies do you like ?
I would recommend @204331
I have n't seen it , but I 'm not seen it but I will have to check those out
I hope you enjoy them
you too bye
I have seen that one
I have seen that one
I have seen that one
I have n't seen it yet , but I will have to check those out .
I hope you enjoy them ! Have a great day !
ok , bye
bye
@184418 was really good too
@184418 was also good too
I have n't seen the new @187028 yet . The last night
I hope you enjoy them
you too bye
What kind of movies do you like ?
Have you seen @184418 ?
I liked it , but I also liked @187028
I hope you like them ! Have a great day !
I hope you enjoy them . Have a great day !
I hope you have a great day !
Hi there ! What kind of movies do you like ?
I have a few examples of your favorites ?
I have n't seen that one , but I will have to check those out .
I have not seen that one , but I will have to check those out . I have a fan
I have not seen that one , but I will have to check it out .
What kind of movies are you looking for ?
Have you seen @159885 ?
I hope you enjoy them ! Have a great day !
I hope you enjoy them ! Have a great day !
ok , bye
Hi there ! What kind of movies do you like ?
Sure can you give me a few minutes
I have seen the new @204974 yet ?
I hope you have a great day !
I have seen that one , so many movies , so many movies , so many movies , so many
I have seen that one
I hope you have a great day !
I have not seen it yet , but I 'm not seen it yet , but I 'm not seen
I liked @187028
I liked the original @115463 movies too .
I liked them too .
I hope you enjoy them ! Have a great day !
Have you seen @184418 ?
I like the original @115463 movies too
I have n't seen it . I will have to check those out .
I liked the original version of the original
I have n't seen it yet ?
I have n't seen it .
I have n't seen it yet . I 'm not seen it yet .
I hope you like them !
I have seen the new @83552 ?
ohhh @165710 is a great choice
@159885 is another good one is a good one of my favorites
I have not seen it , but I heard it , but I have heard it , but I have
Hi there ! What kind of movies do you like ?
I really liked @170037
@141732 and @192815
I have n't seen that one , but I will have to check those out .
I have n't seen that one , but I will have to check those out .
I have not seen it , but I will have to check it out
I hope you have a great day !
What kind of movies do you like ?
I liked @119144
I hope you enjoy them ! Have a great day !
I hope you enjoy them ! Have a great day !
I hope you enjoy them
bye
hi there , i can recommend some good ones
I have n't seen those movies , but I 'm not seen those movies
I have n't seen it but I 'm not seen it but I will have to check those out soon
I hope you enjoy them . Have a great day !
Have you seen @184098 ?
@136810 is another good one .
I agree completly . Lol . Lol . Lol . Lol . Lol . Lol . Lol . Lol .
you too
What kind of movies do you like ?
Have you seen @204895 ?
I have n't seen @82923 those , @82923 those , @82923 those , and @173575 @173575 @173575 @173575 @173575 @173575
I hope you enjoy them ! Have a great day !
I hope you enjoy them ! Have a great day !
I have n't seen that one , but I heard of that one , but I can recommend some of
Have you seen @169419 yet
@141732 and @192815 are a little darker
I have n't seen that one , but I will have to check those out .
Bye
No problem .
What kind of movies do you like ?
I 'm not a big fan of the recommender this one .
I have seen all of them
I hope you enjoy them ! Have a great day !
Have you seen @204895 yet ?
I have n't seen it but I have to the @82923 yet .
I have not seen it but it but it but it but it but it but it but it but
I hope you enjoy them ! Have a great day !
What kind of movies do you like ?
I love comedies too !
I have n't seen that one , but I will have to check those out .
I have not seen that one , but I will have to check those out myself
Hi there ! What kind of movies do you like ?
Have you seen @122604 ?
Have you seen @159885 ?
I hope you enjoy them !
I have n't seen @82923 those movies are all the @82923 those movies are all the @82923
I have n't seen that one .
I hope you enjoy them ! Have a great day !
I hope you enjoy them ! Have a great day !
Hi there ! What kind of movies do you like ?
I have seen the new @187028
I also liked @122385 and the original @106233 and the original @106233 and the original @106233 and the original @106233
I hope you enjoy them ! Have a great day !
You 're welcome !
Hi there ! What kind of movies do you like ?
I have n't seen it , but I heard of it , but I really liked it , but I
I liked the original @204794 too
I hope you enjoy the movies
Hi there ! What kind of movies do you like ?
Have you seen @125431 ?
I liked the original @195148 better than the original @115463 movies .
I hope you like them ! Have a great day !
I hope you enjoy them . Have a great day !
I hope you enjoy them . Have a great day !
Hi there ! What kind of movies do you like ?
A good one is out recently released and a new one too .
I have n't seen it .
I hope you enjoy them ! Have a great day !
you too bye
GREAT MOVIE
I have n't seen it . I heard of it . I have enough for a movie day !
Hi there ! What kind of movies do you like ?
I have n't seen those , but I will have to check those out .
I liked it too
I have n't seen that one , but I am not seen that one , but I am not seen
I have n't seen that one .
I liked the original @204794 too
I have n't seen it . I heard of it . I have heard of it . I have heard
I liked it too .
you too bye
Sure , any movie you are interested in ?
I have n't seen it yet . I heard it yet . I have heard it yet . I have
I have not seen it yet , but I have heard it yet , but it yet , but it
I hope you have a great day !
I hope you enjoy them ! Have a great day !
bye
I 'm good.Let me titles good good good good good good good good good good good good good good good
I have n't seen @94078 I was good too . I had good too .
I hope you enjoy them ! Have a great day !
What kind of movies are you looking for ?
I have a few movies , and liked was @83552
I hope I helped
I hope I helped .
I hope you enjoy them
you too
May I ask what you like ?
@96307 is always a good one .
I have n't seen it . I 'm not seen it but I 'm not seen it but I 'm
I have n't seen it . I will have to check those out .
you are welcome , have a good day
I have seen @133249 @133249 @133249 @133249 ?
I have seen @133249 @133249 @133249 @133249 ?
I have seen @133249 @133249 @133249 @133249 ?
I hope you enjoy them
I hope you enjoy them bye
I hope you enjoy them ! Have a great day !
I hope you enjoy them !
I agree .
What kind of movies do you like ?
Have you seen @81792 ?
I have n't seen it yet , but I 'm glad to have a great day !
what kind of movies do you like
I 'm not sure , but I can understand that one .
I have n't seen it yet . I 'm not seen it but I 'm not seen it but I
I hope you enjoy them ! Have a great day !
Sure , how about @140066 or @204331
I have n't seen that one . I will have to check those out .
I hope you enjoy them . Have a great day !
What kind of movies do you like ?
I 'm good , thanks !
I liked @140859
I liked it too .
I have n't seen it , but I will have to check it out .
I have n't seen it yet . I will have to check it out myself
I hope you enjoy them all of them all of them all of them all of them all of them
you too
I liked the movie too .
I liked the movie too .
ok , @160661 was a true story by a true story but she is a true story but she is
ok , @160661 was really good as good as good as good as good as good as good as good
it 's a weird one of them trying to rob a lot of people know they end up on a
@136810 is another good one .
Hi , what kind of movies do you like ?
I have seen that one
I have n't seen it . I will have to check it out .
I have n't seen it but I will have to check those out .
I hope you enjoy them ! Have a great day !
I hope you enjoy them
Glad I could help . Have a great day !
I have not seen it but I heard of it but I like @85804
I liked the Streaming only one that came out this year
@134885 was good too
yah . ridley scott is fascinated by Topher Grace and @202175 is also the first time .
What kind of movies do you like ?
Have you seen @132728 ?
YAY I can help with that one that one that one that one that one that one that one that
I hope you enjoy them ! Have a great day !
Hi there ! What kind of movies do you like ?
Have you seen @125431 ?
Have you seen @125431 ?
@148674 was good too
@136810 is another good one
I hope you enjoy them all of them all of them all of them all of them all of them
what type of movies do you like ?
what kind of movies are you looking for ?
Have you seen @184098 ?
Have you seen the new one @199081 ?
I hope you enjoy them ! Have a great day !
I have not seen it but it but it but it but it but it but it but it but
I have not seen it but it but it but it but it but it but it but it but
@153084 was another good movie . There was another good movie . There was another good movie . There was
@136810 is another good one
@136810 is another good one
@136810 is another good one
You 're welcome !
You 're welcome ! Have a great night !
Have you seen @159885 ?
I have not seen it , but I heard good things about it , but I have heard good things
@159885 is another good one
ok , have a good day
I have seen the movie @150578
I have n't seen it , but I saw it was good . I saw it was good .
I have n't seen it , but I hear it , I 'm not seen the original but I 'm
I have n't seen it , but I will have to check it out .
I hope you have a great day !
you too bye
I have not seen it yet , but heard it yet , but heard it yet , but heard it
I have not seen it but I will have to admit it a plane crash and have to get stranded
I have heard of that one
I hope you have a great day bye
Yeppers - just getting some good titles for you ? @140297 @150373 Let me .
I hope you enjoy them
bye
I like comedies , have some movies too
I have not seen it yet but I heard good things about it yet , but it yet , but
I have n't seen it yet . I will have to see it . I hope you have a great
I have n't seen it .
I hope you have a great day !
What kind of movies do you like ?
Have you seen @184418 ?
I like the older ones too . I like the older ones too .
I hope you enjoy the movies
I hope you enjoy them . Have a great day !
you too bye
ooh ok , gotcha . Have you seen the @134885 ?
@134885 was good
I hope you enjoy them
I hope you enjoy them
Hi , what kind of movies do you like ?
Have you seen @140749 ?
I hope you have a great day !
no problem
to me to mention to you liked to you liked to you liked to you liked to you liked to
I have n't seen it yet , but I 'm not seen lately ?
I have n't seen it yet , but I 'm not seen lately ?
I hope you enjoy them
Yeppers - just getting some good titles for you
I have n't seen it , but I will have to check it out , I hope you seen the
I have n't seen it , but I 'm not seen it , but I 'm not seen it ,
I have n't seen it , but I 'm not seen it , but I 'm not seen it ,
Thanks , you too
Night
have you seen @121328 ? Or @198967 ? Or @198967 ? Or @198967 ? Or @198967 ? Or @198967 ?
have you seen @184098 ?
have you seen @168719 ? no any really liked any really liked any really liked any really liked any really
I liked it too
yes , it is a good movie
I hope you enjoy them
Sure can you give me a few minutes
I have seen that one
No , have not seen it but it but it but it but it but it but it but it
I hope you have a great day !
@98659 And @161572 Have you seen the new @83552 movie the new @83552
bye
Hi there ! What kind of movies do you like ?
I have seen that one
I have n't seen that one , but I will have to check those out .
I have not seen it but I will have to check it out myself
Have a good day !
I 'm good , thanks !
Sure , can you give me a few minutes
I liked @140859
@134885 was good too
@134885 was good
@188831 this will be a great movie
I can recommend a few movies for you ?
I have n't seen it , but I heard of it , I have heard of it , I have
I have not seen it but I heard it but I 'm not seen it but I 'm not seen
Have you seen the new @83552 ?
Have you seen the movie @141648 ?
ok , have you seen @82923 those movies are all time favorite
I have not seen it .
bye
Have you seen the new @187028 yet ?
Ewww ! Have you seen @167756 ?
Ewww ! Have you seen @167756 ?
What kind of movies are you looking for ?
Have you seen the new @83552 ?
I have not seen it , but I heard of it , but I really liked it
Kong Skull Island was good .
I liked the superhero movies too
I hope you enjoy the films
Trust me
What kind of movies are you looking for ?
Have you seen @76042
Gemma Arterton
I hope you enjoy them .
What kind of movies do you like ?
Have you seen the movie ?
Have you seen the movie for the movie for the movie for the movie for the movie for the movie
well enjoy them
@117816 is a Disney Channel Original ! but since they came out . but since they came out . but
@188831 this will be a great movie
@188831 this will be a great movie
Hi , what kind of movies do you like ?
What kind of movies are you looking for ?
I have n't seen the new @204974 yet , but it , but it , but it , but it
I hope you enjoy the films
I have n't seen that one , but I 'm not seen that one , but I 'm not seen
I hope you enjoy them
I hope you enjoy them . Have a great day !
I hope you enjoy them
I hope you enjoy them
It was pretty good .
Have you seen the new @204974 ?
@185781 I love this one
What kind of movies do you like ?
Oh ok. Have you seen the new @83552 ?
I have n't seen it . I heard of it . I 'm not seen it but I 'm not
I have n't seen it yet . I will have to see it . I hope you have a great
What kind of movies are you looking for ?
ok ... how about @180251 ?
I have seen it 's about the Sixth Sense
I have not seen it . I have stated ?
I have not seen it . I have stated ?
Another one is a good one is a good one is @83105
I hope you enjoy them
I hope you have a great day !
I hope you enjoy them !
I have n't seen it yet , but I will have to check those out .
I hope you enjoy them ! Have a great day !
Hi there ! What kind of movies do you like ?
Have you seen @203424 ?
@203424 is a good one
I liked @140859
ok , bye
What kind of movies do you like ?
I have seen that one
I have n't seen it yet , but I 'm not seen it yet , but I 'm not seen
Have you seen the movie @188474 ? It was a good comedy .
Have you seen the new @83552 ?
What kind of movies do you like ?
Have you seen the new @83552 ?
I have n't seen that one , but I will have to check those out .
@168892 is also a good older comedy with Gene Wilder .
bye
Have you seen the new @204974 yet ?
Have you seen the new @204974 yet ?
@136810 is another good one .
I hope you enjoy them
oh ok @176962
Yeah it 's a good one involving a baby out in the streets all by himself from Japan there were
yeah he was in a Tom Cruise fan of @145728
What kind of movies do you like ?
i have not seen it yet , but it yet , but it yet , but it yet , but
I have n't seen that one , but I will have to check it out .
I have n't seen that one .
I liked it a lot of people like a lot of them .
I liked it a lot of people like a lot of good actors , and is happening with our our
I hope you enjoy them
I hope you enjoy them
ooh ok , have you seen @92826 ?
@142890 was a good one , and @144628
@79421
I did n't get a lot of action .
I did n't like it
I did n't get to pay attention I did n't as I did n't as I did n't as I
Sure thing ! have you seen @97219
Hmm .. @149402 I 'm looking for a suspense
Hmm .. @149402 I 'm looking for a suspense
I have n't seen it .
Thank you , you , you , you , you , you , you , you , you , you
I hope you enjoy them
bye
Hi there , what kind of movies do you like ?
Have you seen @138962 ?
I liked @173785
I liked the original @106233 better than the original
I hope you have a great day !
I hope you enjoy them !
@148674 was good too
It is about a single mon who leaves her house with a neighbour it stars bill Murray
It is about a single mon who leaves her best I tend to identify each other while infiltrating an Irish
I hope you enjoy them
you too bye
Hi , what kind of movies do you like ?
Have you seen the new @83552 ?
Have you seen the Indie film that @193041 is based on that @193041
@94474 was a good movie
Have you seen @138962 ?
I have n't seen it yet , but I will have to go see it .
I have n't seen it yet .
I hope you have a great day !
I hope you enjoy them ! Have a great day !
I hope you enjoy them
I hope you enjoy them
@181065 . I liked that story . I liked that story . I liked that story . I liked that
@134885 was good too .
I have not seen it but I will have to admit it a bit more of a bit more of
I liked it a clockwork orange
you too bye
I have n't seen it .
I have n't seen it , but I 'm not seen it , but I 'm not seen it ,
I have n't seen it .
you are welcome
Hi there , what kind of movies do you like ?
Current or past ?
I have seen it
I have not seen it , but I will have to check it out .
you too
you are welcome
Have you seen @109963 ? Or @195523 ? @200204 was good too .
I have n't seen it yet , but I have heard good things about it yet , it yet ,
I hope you enjoy them ! Have a great day !
Sure can you give me a few minutes
I have seen it ?
I have n't seen it . I will have to check it out .
I hope you enjoy them
bye
Hi there ! What kind of movies do you like ?
I love documentaries too . How are you looking for ?
I have seen it ?
I agree . I liked it a lot of people like @166466
I have not seen that one , but I will have to add them to my queue thanks
bye
What kind of movies are you looking for ?
I have n't seen it yet , but I have heard of it yet , but I have heard of
I have n't seen it yet , but I 'm not seen it but I 'm sure , but I
I hope you enjoy them ! Have a great day !
I hope you enjoy them ! Have a great day !
I hope you enjoy them ! Have a great day !
Hi , what kind of movies do you like ?
Sure can you give me a few minutes
I have n't seen that one , but I will have to check those out .
I liked @170037 and the sequel @170037 and the sequel @159077
I liked @170037 and funny
I hope you enjoy them . Have a great day !
What kind of movies do you like ?
I have seen that one
Current or past ?
ok , bye
Have you seen @138962 ?
of course of course of course of course of course of course of course of course of course of course
I have n't seen that one , but I 'm not seen that one , but I 'm not seen
I 'm not sure if you like those kind of a little more of nerdy armed world and they mastermind
bye
What kind of movies are you looking for ?
I have seen them
I have not seen it but I heard of it but I will have to check those out myself
I hope you enjoy them
Have you seen the new @204974 yet ?
I have seen the new @204974 yet ?
I have n't seen it .
I hope you enjoy them
I hope you enjoy them
Hi there ! What kind of movies do you like ?
Have you seen the new @204974 yet ?
@157454 was a good action film . Lots of action .
I hope you have a great day !
Hi there ! What kind of movies do you like ?
I can help you with that one .
I hope you have a great day !
I hope you enjoy them
I have n't seen it . I will have to check it out .
ok , how about the new @187028
I have seen it
you too
@142890 was a good one , and @144628
I have not seen it but it but it
or @138913 ( and a few )
I liked it .
I love Disney movies , the old school @201761
I have n't seen it yet , but I heard of it yet , but I have heard of it
I have n't seen it yet , but I heard of it yet , but I have heard of it
I also liked @184098 and @111429
I hope you enjoy them
you are welcome , have a good day
Sure , I can !
I have n't seen it but I was very good
Hi , what kind of movie are you looking for ?
Have you seen the new @204974 yet ?
I have n't seen it .
Hi there ! What kind of movies do you like ?
Have you seen the new @83552 ?
I liked @100750 @199532 was pretty epic . Hav eyou seen the series series series series series series series series
You 're welcome . Have a great day !
You 're welcome . Have a great day !
Hi there !
Have you seen the new @204974 yet ?
Have you seen the new @204974 yet ?
I have n't seen divergent
Merry Chistmas , have a great day , have a great day , have a great day , have a
I hope you like them ! Have a great day !
I have seen the new @187028 ?
I liked @140859
I have not seen it but I will have to admit it .
i dont know it myself
@87664 was really good too
no problem
Have you seen the new @83552 ?
Ugh was better than @132457 Just kidding Wrong movie
I hope you enjoy them
I liked both of those too
it was a great movie !
Yeah it was ! ! ! ! ! ! ! ! ! ! ! ! ! ! ! ! !
I hope you enjoy them
I have n't seen that one . I will have to check it out .
you too bye
I have seen the new @187028
I liked @96440 .
I liked both of those too .
I hope you have a great day !
I hope you have a great day !
I hope you enjoy them . Have a great day !
you too
Sure can you give me a few minutes
Have you seen the new @204974 yet ?
I have not seen it . I will have to rent is @169419
yahs
@141648
I also liked @100070 , Jason Statham
Have you seen the new @83552 ?
I liked it too . How about @183910
I hope you have a great day !
Hi there ! What kind of movies do you like ?
Have you seen @204895 ?
I have n't seen it looks good
I have n't seen it .
What kind of movies do you like ?
I have not seen it , but it , but it , but it , but it , but it
I have n't seen @93497 how about @128919 ?
I have n't seen @93497 how about @128919 ?
ok , @185684 is set in france
What kind of movies do you like ?
Have you seen @123015 ?
Have you seen @178711 ?
I have n't seen it yet . I will have to check those out .
Hi , what kind of movies do you like ?
@165710 was really good
@165710 was a really good movie
I hope you enjoy them all
ok , @185684 is set in france
What movies are you interested in ?
@142890 was a good one , and @144628
I personally liked @184098 and @111429 are both of those too
I have n't seen it yet , but I 'm not seen it but I 'm not seen it but
I liked them too
Hi there ! What kind of movies do you like ?
Current or past ?
max fury is a nice movie * mad fury
I liked the Streaming only came out this year
I liked the Streaming only one that came out this year
I liked it too .
I liked the original better than the original , I have n't seen it .
ok , bye
ok , bye
@165710 was a good choice
I have not seen it yet , but I would recommend @165710
@159885 is another good one is another good one of my favorite
Glad I could help . Have a great day !
I 'm good , thanks !
I 'm good , thanks for asking for you ?
I have n't seen it , but I 've heard of it , but i was good . I was
I have not seen it but I will have to check it out myself
I have not seen it but I will have to check it out .
ok , well enjoy
good and you ?
Ok , let me know how about @199532
@173922 These some of my best collections , I hope you like them
@173922 These some of my best collections are some of them ok
ok , bye
ok , @160661 was a true story
ok , bye
What kind of movies do you like ?
I love horror movies too !
I hope you enjoy the movies
I hope you enjoy the movies
I hope you like them ! Have a great day !
Have you seen @165710 ?
Have you seen @81792 ?
I have n't seen it , but I 'm more of a kiddies movies are a comedy @122604 its a
I hope you enjoy them ! Have a great day !
I hope you enjoy them ! Have a great day !
Have a great day !
good , you ?
I 'm good , you are interested in the movie , so excited for the movie marathon marathon marathon marathon
I have not seen it but I heard it but I heard it but I heard it but I heard
I have not seen that one , but I will have to check it out , i hope you have
ok , bye
what kind of movies are you looking for ?
@88150 looks ok ok ok ok ok ok ok ok ok ok ok ok ok ok ok ok ok ok
It 's a great movie , with the 80 's a classic with the new @205698 it 's a lot
It 's a great movie with the same action .
Great !
Great , have a great day
I saw a good one too .
I saw the first one .
I saw that one too . I liked was a lot of them too .
@199532 was quit hilarious
dayum ! thats really scary scary scary scary scary scary
or a classic horror movie @the big lebowski or @134106 or @134106 or @134106
@148674 was good too
I hope you enjoy them
I hope you enjoy them
you too bye
I have n't seen that one , but I heard of it , but I have you seen the original
I have n't seen it , but I heard of it . I have to admit it a remake of
I have n't seen it yet . I 'm not seen it but I 'm not seen it but I
I have n't seen it yet . I will have to check those out .
ok , bye
Hi , what kind of movies are you looking for today ?
Have you seen the new @204974 ?
Kong Skull Island was good .
Kong Skull Island was good .
I hope you enjoy them
Kong Skull Island was good .
Kong Skull Island was good .
What kind of movies do you like ?
Have you seen @163410 ?
Have you seen the new @187028 ?
I liked @140859
I hope you have a great day !
I have n't seen that one , but I hear it , I 'm not seen @94078
Hi there ! What kind of movies do you like ?
sure , i recommend it a good movie , and liked was a lot , I thought it was a
I saw this weekend , I was surprised with it was surprised with it was surprised with it was good
I saw a good movie too , and thought it was good movie too . I was good movie too
I hope you have a great day !
you are welcome
those are all great movies
@183631 is a good one . @rushmore is a good one . @rushmore is a good one . @rushmore is
@183631 is a good one . @rushmore is a good one . @rushmore is a good one . @rushmore is
Hi there ! What kind of movies do you like ?
Sure , have you seen the movie @79851
I have seen it
I hope you have a great day !
Have you seen the new @204974 yet ?
I have seen the new @204974 yet ?
I have n't seen it yet . I will have to see it
I hope you enjoy them
I hope you have a great day !
I like comedies too
Have you seen the new @204974 yet ?
I liked the sequels too .
I have seen that one
I have seen that one
I have n't seen it , but I 'm not seen it , but I 'm not seen it ,
I hope you enjoy them
I hope you enjoy them . Have a great day !
so maybe so will like she 'll like she 'll like she 'll like she 'll like she 'll like
I hope you enjoy them
I hope you enjoy them ! Have a great day !
I hope you enjoy them ! Have a great day !
or even @133273 no genre
bye
I have seen all the sequels
I have n't seen it .
I hope you enjoy them ! Have a great day !
Have you seen @81792 ?
@188780 @188780 @188780 @188780 @188780 @188780 is super good too
@188780 @188780 @188780 @188780 @188780 @188780 @188780 @188780 @188780 @188780 @188780 @188780 @188780 @188780 @188780 @188780 @188780 @188780 @188780 @188780
@188780 @188780 @188780 @188780 @188780 @188780 @188780 is super heroes
Hi , what kind of movies do you like ?
I have n't seen it yet , but I have heard of it yet , it yet , it yet
A good one is @100493 and @194177 looks really good one . I have seen the crowds die down to
Have you seen @81792 ?
I have seen @133249 yet ?
I hope you have a great day !
you are welcome
you are welcome , have a great day
Hi , what kind of movies do you like ?
I have n't seen that one , but I will have to check those out .
I have n't seen that one , but I have you seen that one , but I have you seen
I hope you enjoy them ! Have a great day !
I hope you enjoy them . Have a great day !
What kind of movies do you like ?
I have seen that one
No , it 's a good one .
Sure , do you like ?
I liked the first one too
I hope you have a great day !
I have n't seen it .
I liked it too .
I hope you enjoy them . Have a great day !
Have you seen @159885 ?
I have seen that one
@188831 this will be a great movie
I hope you enjoy them !
I hope you enjoy them
I hope you enjoy them ! Have a great day !
What kind of movies do you like ?
I have not seen it , but I will have to recommend a good movie
Have you seen @108801 ?
Have a great day !
Have you seen @159885 ?
I have not seen it but I will have to check it out myself
I hope you enjoy them
Hi there ! What kind of movies do you like ?
Have you seen @81792 ?
I have not seen it , but I heard it , but heard it , but heard it , but
I hope you enjoy them ! Have a great day !
I hope you enjoy them ! Have a great day !
I hope you enjoy them ! Have a great day !
Have you seen @138962 or @204455 or @107826 ?
yeah
I have n't seen that one yet .
I hope you enjoy them
Hi there ! What kind of movies do you like ?
I have n't seen it yet , but I will have to check those out .
I have n't seen it yet .
I have n't seen it . I will have to check it out .
I have n't seen it .
I hope you have a great day !
I have n't seen it .
What kind of movies do you like ?
I have seen that one
I hope you enjoy them
What kind of movies are you looking for ?
Sure , have you seen the movie @191564 and also @119146 if you have oo
I hope you enjoy them
have you seen @121328 ?
I have n't seen that one , but I will have to do n't seen it , but it ,
I hope you have a great day bye
What kind of movies do you like ?
I have not seen it , but it , but it , but it , but it , but it
i was actually watched was @120726 it was was was was was was was was was was was was was
I hope you enjoy them
What kind of movies are you looking for ?
I 'm good , thanks
ok , how about the new @165812 or the other one
bye
bye
bye
I hope you have a great day
I hope you enjoy them
I hope you enjoy them
you are welcome
Im good , good , good , good , good , how are you ?
nice
nice
ok , have a good day
I have n't seen that one , but I will have to check it out .
I have n't seen that one , but I 'm not seen that one , but I 'm not seen
I have n't seen it .
you too
I have n't seen it .
I hope you enjoy them ! Have a great day !
I hope you enjoy them . Have a great day !
I have n't seen it , but I heard of it , but I 'm not seen it , but
I liked the first one too .
I hope you enjoy them
I have seen that one
Do you like another good movies ?
I liked the first one too .
you are welcome
I liked @119144
I have seen that one , but it
You 're welcome . Have a great day !
Hi there ! What kind of movies do you like ?
Have you seen the new @187028 yet ?
I have n't seen it . I will have to check those out .
I hope you enjoy them . Have a great day !
I hope you enjoy them . Have a great day !
I have n't seen it . I 'm not seen it , but I 'm not seen it , but
you are welcome , have a good day
Hi there ! What kind of movies do you like ?
Have you seen @138962 ?
@135789 was pretty good .
or @108301
It 's a great movie .
I liked @122385 and @120948 too .
Have you seen @138962 ?
I did like @95057 I have n't seen the other one yet
I did like @95057 I have n't seen the other one yet
No problem !
Have you seen @123015 ?
I have n't seen that one .
I have n't seen that one . I will have to check those out .
I have not seen it but it but it but it but it but it but it but it but
I hope you enjoy them ! Have a great day !
You 're welcome !
bye
Have you seen @123015 ?
I have n't seen it yet .
@173922 These some of my best collections are some of them
THANKS !
THANKS !
Ewww ! Have you seen @167756 ?
Ewww ! Have you seen @167756 ?
@148674 was good too
I have not seen it but it , but it , but it but it , but it , but
I hope you have a great day !
Have you seen the new @187028 yet ?
ok , how about _UNK_
I have n't seen the new @187028
no problem , have a good day
no problem , have a good day
bye
I love those movies too . Have you seen the new @187028 ?
I have n't seen it yet . I will have to check it out .
I have n't seen it yet . I will have to check it out .
I hope you enjoy them
What kind of movies do you like ?
Hi , have you seen the movie @121902 ?
Ok , maybe @159885 @159885 @159885 @159885 @159885 @159885 @159885 @159885 @159885 @159885 @159885 @159885 @159885 @159885 @159885 @159885 @159885
Ok , bye
Hi there ! What kind of movies do you like ?
I have n't seen it yet ?
or @162326
I would also recommend @132725 if you are in that one
It 's a great movie .
@78874 is another good one
I hope you enjoy them
What kind of movies do you like ?
ok , @160661 was really good as @166131 was more of a good film
I have not seen it , but I will have to check those out .
I have not seen it , but it , but it , but it , but it , but it
I am not a fan of @145728
What kind of movies do you like ?
I have seen the new @204974 yet ?
I have n't seen it .
Have you seen @138962 or @204455 ?
I have n't seen it yet , but I will have to check those out .
I have not seen it but I will have to admit it a busy day !
I have not seen it but I will have to check it out myself
Hi there ! What kind of movies do you like ?
Have you seen the movie @188474 It was a good movie . @84798 was a good movie . @84798 was
I have seen the sequels , the first one , the first one .
I have not seen it but I will have to check it out .
Sure can you give me a few minutes
Oh those are two examples of the ones have you have you have you have you have you have you
It 's a good one of those are all time favorite .
Well have a great day
What kind of movies do you like ?
Have you seen the new @204974 yet ?
Have you seen the sequels ?
I have seen them all the sequels .
I hope you enjoy them . Have a great day !
What kind of movies do you like ?
Have you seen the new @187028 yet ?
I have n't seen it . I heard of it . I really liked it . I would recommend it
I hope you enjoy them
I hope you have a great day !
Have you seen @120047 ?
I have n't seen it , but I will have to check it out .
I have n't seen it , but I 'm not seen it , but I 'm not seen it ,
I have seen that one
or @138913 (
I hope you enjoy them
@159885 is another good one !
@159885 is another good one !
@159885 is another good one of the alltime favorites for kids for kids for kids for kids for kids for
I have n't seen it .
I hope you enjoy them
I 'm good , thanks !
I 'm good , you too . I 'm good , you can recommend a few more of them ,
I have seen @133249 @133249 @133249 ?
I have seen that one
Bye
What kind of movies do you like ?
I have not seen it , but it , but it , but it , but it , but it
I have n't seen it , but I 'm not seen it , but I 'm not seen it ,
I hope you enjoy them ! Have a great day !
I hope you enjoy them ! Have a great day !
yah . i never read the first one too . i never read the first one too . i never
I hope you enjoy them
Have you seen @91313 ?
I liked it too .
I hope you enjoy them ! Have a great day !
@150941 is another good one of those are good one of those are good one of those are good one
I hope you enjoy your movies ! Have a great day !
Hi , what kind of movies are you looking for ?
I am good , thanks !
Have you seen @138962 ?
and @140066 were both with a comedy and cast and with with with with with with with with with with
I have seen that one .
I hope you enjoy them ! Have a great day !
I hope you enjoy them . Have a great day !
I hope you enjoy them . Have a great day !
you too bye
Hi , what kind of movie can i help you with ?
I have seen @82894 ?
I have n't seen it yet , but I 'm not seen it yet , but I 'm not seen
I hope you enjoy them ! Have a great day !
@159885 is another good one
Im good , good , good , good , good , good , good , good , good , good
I have n't seen it yet . I will have to check those out myself
I hope you enjoy them
I hope you enjoy them
I hope you enjoy them
You are welcome ! Have a great day !
Have you seen the new @83552 ?
I have n't seen it yet , but I have heard of it yet , I have heard of it
I have n't seen it yet , but I heard of it yet , I have heard of it yet
I hope you enjoy them ! Have a great day !
I hope you enjoy them ! Have a great day !
I hope you enjoy them !
I love those movies too
I have not seen it , but it , but it , but it , but it , but it
I hope you enjoy them , have a great day bye
I 'm good , thanks !
Have you seen @163410 ?
I hope you enjoy them , have a great day !
I have seen that one
I have seen the new @204974
I hope you enjoy them
I hope you enjoy them
Have you seen @163410 ?
I have n't seen it . I will have to check those out .
I have n't seen it .
I have n't seen it .
Sure can you give me a few minutes
Have you seen the new @83552 ?
Gemma Arterton
I hope you enjoy them !
I hope you enjoy them !
I hope you enjoy them
I have seen that one
@136810 is another good one .
I have n't seen that one , but I will have to see it .
I have n't seen it yet . I will have to check it out .
I have n't seen it yet . I will have to check those out .
It 's a great movie . A recent years is @95389 Harrison Ford is a punch with a few of
It 's a great movie . It 's a fun way of the second .
I have seen that one . Do you like action movies ?
No problem , have a good day
Hi there ! What kind of movies do you like ?
Have you seen @138962 ?
Have you seen the new @83552 ?
I have n't seen that one .
I would also like @133249
wow .. wow .. wow .. wow .. wow .. wow .. wow .. wow .. wow .. wow ..
no problem
you too bye
bye
I have not seen that one , but I will have to admit it all of them all of them
u too bye
bye
I love those movies too
I have n't seen it . I will have to check it out .
I hope you enjoy them
good and you ?
I have seen the new @204974 yet ?
I hope you enjoy them ! Have a great day !
I hope you enjoy them
Have you seen @81792 ?
I have n't seen @94078 I was good too .
I have n't seen that one .
I have n't seen that one .
I hope you enjoy them !
I hope you enjoy them ! Have a great day !
I hope you have a great day !
I liked @140859
I have n't seen it .
ok .. well i hope i helped you out
ok .. well i hope i helped
I hope you enjoy the movies
I have not , but I heard of it was a lot of people like it
I have n't seen that one .
I have n't seen that one , but I 've heard good things about it .
I hope you have a great day bye
I have not seen it . I will have to admit it a while ago .
I hope you enjoy them
you too bye
you too bye
I 'm good , thanks for the best recommendations .
I have n't seen it .
I have n't seen it .
I hope you enjoy them ! Have a great day !
Have you seen @138962 ?
I 'm good , you will like @138962
I have n't seen that one yet .
I have n't seen that one yet . I will have to check them out .
Hope you have a great day
I have n't seen it yet . I 'm not seen it yet . I 'm not seen it yet
I hope you enjoy them ! Have a great day !
I hope you enjoy them ! Have a great day !
I hope you enjoy them ! Have a great day !
I hope you enjoy them ! Have a great day !
I 'm good , thanks for asking for you ?
Have you seen the new @204974 yet ?
I have n't seen it yet . I will have to check those out .
I hope you enjoy them ! Have a great day !
I have n't seen it .
I have n't seen it .
I have n't seen it .
@174148 is terrible !
@165710 was a great choice
@188831 this will be a great movie
I hope you enjoy them ! Have a great day !
I hope you enjoy them ! Have a great day !
I hope you enjoy them ! Have a great day !
I have seen @111540
I have n't seen it .
I hope you enjoy the movies
I 'm good , thanks !
I have n't seen it . I will have to check those out .
@184418 was a good one
I liked it too . I also liked @140859
I hope you enjoy them ! Have a great day !
I hope you enjoy the movies
you too
I am good , thanks !
I have n't seen it , but I will have to go see it .
you are welcome
I hope you enjoy them
I hope you enjoy them
I have n't seen it .
I hope you enjoy them ! Have a great day !
I hope you enjoy them ! Have a great day !
I hope you enjoy them
I have n't seen that one , but I have you seen the new @83552
I have n't seen it .
I have n't seen it .
I hope you enjoy them ! Have a great day !
I have seen that one
I also liked the sequel @197589
I hope you enjoy them
I hope you enjoy them
I hope you enjoy them ! Have a great day !
I hope you enjoy them ! Have a great day !
bye
Hi there ! What kind of movies are you looking for ?
I 'm good , thanks !
Have you seen @159885 ?
Have you seen the new @83552 ?
I hope you enjoy them ! Have a great day !
I liked @140859
I have n't seen it , but I can find a few months .
I have n't seen it , but I 'm not seen it , but I 'm not seen it ,
I would recommend some movies for a movie
I have n't seen it .
I 'm good , thanks !
I have not seen it , but it , but it , but it , but it , but it
@98659 And @161572 are both the new movie the new movie the new movie the new movie the new movie
Hi there ! What kind of movies do you like ?
I am good , thanks !
I liked @96440 .
I hope you enjoy them
I have not seen it but it but it but it but it but it but it but it but
I hope you enjoy them . Have a great day !
you too
I have seen that one
Hi , what kind of movies are you looking for ?
I have n't seen that one , but I 'm a few months ago .
I have seen that one , but I have n't seen it yet , but I 'm more of those
I hope you have a great day !
I hope you enjoy them ! Have a great day !
bye
Hi there ! What kind of movies do you like ?
Did you see @104180 ?
@127328 was excellent Also another good one is @152744
You 're welcome . Have a great day !
Im good , good , good , good , good , good , good , good , good , good
I am good , thanks !
I am good , thanks !
I hope you enjoy them
I have n't seen it .
I hope you enjoy them
I hope you enjoy them
I hope you enjoy them
I hope you enjoy them
I 'm good , thanks !
I have n't seen it .
I hope you enjoy them
I hope you enjoy them ! Have a great day !
I hope you have a great day !
I hope you enjoy them ! Have a great day !
I would recommend @165710
I have n't seen it , but I 'm not seen it , but I 'm not seen it ,
I have n't seen it , but I 'm not seen it , but I 'm not seen it ,
you are welcome
I 'm good , thanks !
It 's a good movie .
I have n't seen that one .
I hope you enjoy them . Have a great day !
I hope you have a good day !
ok , i hope you have a good day !
I hope you enjoy them
What kind of movies are you looking for ?
Hmm .. @149402 I 'm looking for a suspense
Hmm .. @149402 I 'm looking for a suspense
I liked @90253
you too
I hope you enjoy them !
I hope you enjoy them !
you too bye
Hi , what kind of movies are you looking for ?
I am good , thanks !
I hope you enjoy them , have a great day !
I hope you have a great day !
I have n't seen that one , but I will have to watch it .
You too !
I 'm good , thanks !
Have you seen the new @83552 ?
I have n't seen it . I will have to check it out .
I have n't seen it . I will have to check it out .
I hope you enjoy them
bye
Im good , good , good , good , good , good , good , good , good , good
I hope you have a great day !
I hope you have a great day !
I liked the first one too
I hope you enjoy them ! Have a great day !
I hope you enjoy them ! Have a great day !
you too bye
I 'm good , thanks !
Have you seen the new @83552 ?
I have n't seen that one , but I will have to check those out .
bye
I hope you enjoy them
I have seen that one .
I have n't seen it .
I have not seen it , but I will have to come to mind often shadowed by a shot they
I have seen the new @204974 ?
I have n't seen it , but I will have to check it out , it out , it out
you too bye
no prob have a good night
bye
Hi , what kind of movie are you looking for ?
Have you seen the new @83552 ?
Have you seen the @148904 and @170305 yet ?
I hope you have a great day !
I have n't seen that one . I 'm not seen it .
bye
ooh ok
ooh ok , have not seen @162317 ? or @112927 ? I used to tv show growing up I used
I would recommend @82657
I have n't seen it , but I will have to check it out .
I hope you enjoy them
Hi , what kind of movies are you looking for ?
I 'm good , i 'm good , i 'm good , i 'm good , i 'm good ,
I 'm not sure , I will have to check it out .
I hope you enjoy them . Have a great day !
I hope you have a great day !
I have n't seen it , but I will have to check it out .
ok , bye
I 'm good , thanks !
I am good , thanks !
I hope you have a great day !
I have n't seen that one , but I 'm a lot of comedies
I have seen them all the sequels .
I have seen that one
I 'm good , thanks !
I have not seen them , but I heard good things about it , but I have you seen it
I hope you have a great day !
I hope you enjoy them ! Have a great day !
I have seen that one
I have n't seen that one , but I hear it , it , it , it , it ,
you too
bye
bye
Hi there ! What kind of movies do you like ?
im good nd you
ok , have you seen the new @83552
I hope you enjoy them ! Have a great day !
I hope you enjoy them ! Have a great day !
I have not seen it but I will have to check it out .
I hope you have a great day !
I hope you have a great day !
what kind of movies are you looking for ?
I am good , you too !
ok , how about @140651 ? or @99324 ?
ok , how about @140651 ? or @99324 was great !
I hope you enjoy them
I hope you enjoy them
bye
I liked @173785
I have n't seen it .
I hope you enjoy them
good and you ?
I have a good day
Seattle
I hope you enjoy them , have a great day !
@134885 was good .
I have n't seen it . I will have to check it out .
I hope you enjoy them
Hi there ! What kind of movies do you like ?
I have n't seen it .
I have n't seen it yet , but I 'm not seen it but I 'm not seen it but
I hope you enjoy them ! Have a great day !
I hope you enjoy them
bye
good and you ?
@164729 is good !
@188831 this will be a great movie
@159885 is another good one
I 'm good , thanks
I have seen that one
no problem
or @202284 was pretty good
or @90766 was ok
you too bye
@141732 and @192815 are a good bye
Have you seen the new @204974 yet ?
Have you seen the new @204974 yet ?
I have n't seen it . I heard good things about @204974
I hope you enjoy them
I have n't seen it .
I 'm good , thanks !
I liked the original @204794 too
I hope you enjoy them ! Have a great day !
I hope you enjoy them ! Have a great day !
you are welcome , have a good day
What kind of movies are you looking for ?
good and you ?
I am not a big fan of the recommender this one of the time as well .
@79284 might be of a great day to you as well .
@148674 was a little creepy actually a little creepy
or @138913 (
ok
What kind of movies do you like ?
@136810 is another good one
I have n't seen it .
I hope you enjoy them !
I 'm good , thanks !
So you would like @142573 or something for you as well
There is also @126469
There is also @126469
I hope you have a great day !
ok , bye
Hi there ! What kind of movies do you like ?
I have n't seen it , but I will have to check it out .
I hope you enjoy them
I hope you enjoy them ! Have a great day !
What kind of movies do you like ?
I have seen that one
I have seen that one
I hope you have a great day !
I hope you enjoy them . Have a great day !
What kind of movies do you like ?
Have you seen the movie @144550 ?
AH WELL @205695 SHOULD BE OUT SOON DO YOU SHOULD BE OUT SOON
I have n't seen it .
I hope you enjoy them
I 'm not sure , but it is a big lebowski @178502
Sure can you give me a few minutes
Have you seen the new @204974 yet ?
I have n't seen it . I will have to check it out .
I hope you enjoy them
Hi there ! What kind of movies do you like ?
I 'm good , thanks !
nice
I hope you enjoy them ! Have a great day !
I have n't seen it .
you too
you too
Hi , what kind of movies do you like ?
I have not seen it but i will have to check them out .
I have n't seen it yet . I will have to check them out .
I hope you enjoy them
Hi , what kind of movies do you like ?
I 'm good , thanks !
I have n't seen that one , but I will have to check those out .
I have n't seen that one , but I will have to check those out .
I have seen that one
I have n't seen that one , but I will have to check those out .
I have n't seen that one , but I will have to check it out .
I liked it .
Sure , can you give me a few minutes
Have you seen the new @204974 yet ?
I have n't seen it .
I hope you have a great day !
bye
@165710 was a good movie
I have seen @81792 or @173575 ? Hello , and @153194 is also good as well
I have seen @82923 those are all time and the animated films are all time and @173575 @173575 @173575 @173575
I hope you enjoy them ! Have a great day !
I hope you enjoy them
@78399 oh ok , i hope these helps
Glad to you too . Have a great day !
I 'm not sure , but i can do n't know of any of the marvel movies you like ?
I liked the first one too .
I have n't seen it . I will have to check it out .
you are welcome
Have you seen @169419 ?
Have you seen @162647 ?
Have a good night !
you too bye
have a good night
Hi , I can help you with that
I have not seen it but it but it but it but it but it but it but it but
I hope you have a great day !
bye
What kind of movies do you like ?
Have you seen @150318 ? or historical comedy/ ?
Have you seen @184098 ?
@159499 and @193272 and @169953 are also really good movies
I have n't seen it .
@109064 is another good one
Hope you enjoy the films
What kind of movies do you like ?
Have you seen the new @204974 yet ?
I have seen them
I hope you have a great day !
Hi there ! What kind of movies do you like ?
Ewww ! Have you seen @167756 ?
@187879 is a good one
I agree . I liked it a lot of people like a lot of people like a lot of people
I liked it too .
Hi , I can help you with that
I have seen that one
@157454 was a good action film
Hi , what kind of movie are you looking for ?
Have you seen @111488 or @111488 ? It 's my all time ...
@188831 this will be a great movie
Understandable haha . I had fun and fun and fun and fun and fun and fun and fun and fun
I have n't seen it , but I will have to check them out .
I hope you enjoy them
I hope you enjoy them
I hope you enjoy them
Have you seen the new @204974 yet ?
I have seen that one
I have seen that one
I have not seen them , but I will have to check those out myself
Sure can you give me a few minutes
I love @150451 and @181301
I have n't seen it yet , but I will have to check those out .
I have n't seen it yet , but I will have to check those out .
I have n't seen that one . I will have to check those out .
you too bye
I 'm good , thanks !
Have you seen @163410 ?
Have you seen @138962 ?
Have you seen him in @108138 Just watched it last night
@168892 is a good older comedy with gene wilder
I liked @140859
I am good and you ?
I am not a fan of the new @205698 is @204700 that is up
I have n't seen it .
I have n't seen it .
@148674 was good too
it is a good one too
you too
you too
you too
Hi there ! What kind of movies do you like ?
I have seen the new @204974 yet ?
I have n't seen the new @119144
You 're welcome . Bye
I have seen @165710
I have not seen it yet , but I 'm not seen @165710
I hope you enjoy them ! Have a great day !
I hope you enjoy them ! Have a great day !
I hope you enjoy them ! Have a great day !
I hope you enjoy them ! Have a great day !
I 'm good , thanks for the advice . have a good day for a good day for a good
I have seen it
Have a great day !
I liked @170037 and the original @106233 and is a good one
Hi there ! What kind of movies do you like ?
I 'm good , thanks for asking for the conversation from the movie @178711
I have n't seen it yet , but I will have to check it out .
I have n't seen it yet , but I liked it , but I have to see it , but
I hope you enjoy them
you are welcome
you too bye
What kind of movies do you like ?
Sure , can you give me a few minutes
I also liked @184098 and @111429
Kong Skull Island was good .
I have n't seen the movie
What kind of movies do you like ?
yeah , yeah , how about @160038 or @205480
@112297
@112297
I have n't seen it , but I 've heard good things about it , but it , but it
I hope you like them ! Have a great day !
Hi there ! What kind of movies do you like ?
Have you seen the new @204974 yet ?
I have not seen it but it but I will have to check those out .
I have not seen it but it but I will have to check those out .
I hope you enjoy them
you too bye
I have not seen it , but I will check those out
I have n't seen that one , but I 'm not seen that one , but I 'm not seen
I hope you like them ! Have a great day !
Have you seen the new @204974 yet ?
I have n't seen the sequels , but I have been great as a great day
yahs
@113055 and @78340 are both of those are both of those are both of those are both of those are
@121726 is a great action movie with John Travolta and Denzel Washington ?
I have n't seen either . I have heard of it . I have heard of it . I have
Hi there ! What kind of movies do you like ?
Sure , how about @140066
I have seen that one .
no problem , have a good day bye
bye
Have you seen the new @204974 yet ?
Have you seen @169419 ?
I have n't seen it .
Hi there !
I have a few years ago .
Yes , I have n't seen it yet , but I heard of that one
Yes , I hope you enjoy them
You 're welcome !
I have seen that one
I have n't seen it yet .
Did you see @87033
Did you see #
Hi there ! What kind of movies do you like ?
Have you seen the new @83552 ?
I have seen the movie , but I liked it , you seen @169419 ?
I have n't seen that one , but I will have to check those out .
Hi there ! What kind of movies do you like ?
I have n't seen it , but I heard of it , but I can recommend a few movies ,
I have n't seen it . I heard of it . I 'm not seen it but I 'm not
I hope you enjoy them ! Have a great day !
I hope you enjoy them ! Have a great day !
I hope you enjoy them !
you are welcome , have a good day
I 'm not a big X-Men Fan . Hav eyou seen @181715 ?
I have n't seen that one .
I liked it too . Another good one is @132725
I liked it too . Another good one is @132725
I hope you enjoy them ! Have a great day !
You 're welcome !
Have you seen the new @83552 ?
I have seen the new @204974 yet ?
I have not seen it but I will have to see it
Have you seen @184098 ?
I have not seen it but it but it but it but it but it but it but it but
I have not seen that one , but I heard of it but it but I have heard of it
I hope you enjoy them . Have a great day !
you too bye
Have you seen the new @204974 yet ?
I have n't seen it yet , but I will have to check them out .
Hi there ! What kind of movies do you like ?
Ewww ! Have you seen @167756 ?
@187879 is old school and original @176641
I agree . I liked it too .
I hope you enjoy them
you are welcome
Hi there ! What kind of movies do you like ?
Have you seen any of those ?
I have n't seen it . I 've heard good things about it .
I hope you enjoy them ! Have a great day !
I hope you enjoy them
Hope you enjoy the recommendations !
bye
Have you seen the new @204974 yet ?
Have you seen @119144 ?
No problem . Have a great day !
Hi there ! What kind of movies do you like ?
I love documentaries . How are you ?
Have you seen @184098 ?
I have not seen it but I heard of it but I expected
I liked the first one too
I liked the superhero movies too
What kind of movies do you like ?
Have you seen the new @204974 yet ?
I have seen the new @204974 yet ?
you are welcome , have a great day
ok , bye
Hi , what kind of movies do you like ?
Have you seen any of the new movies ?
Sure can you give me a few minutes
Have you seen @184098 ?
i am waiting for that movie
i am not a big fan of the marvel
Hi there ! What kind of movies do you like ?
I have not seen it , but I will have to recommend it , but it , but it ,
I liked both of those too .
I hope you enjoy them
Have you seen @109963 ? Or @195523 ? @200204 was good too .
Yeah , it was so good as well as well as well as well as well as well as well
Yeah , it was so good as well as well as well as well as well as well as well
Hi there ! What kind of movies do you like ?
Have you seen the new @204974 yet ?
I have seen them
I hope you enjoy them
I have seen the movie @121902 ?
I have n't seen it , but I will have to check it out .
I have n't seen it , but I will have to check it out , I hope you seen the
I have n't seen it . I will have to check it out , I hope you have a great
I hope you enjoy them ! Have a great day !
Hi there ! What kind of movies do you like ?
I have seen that one
I have n't seen that one , but I will have to check those out .
I have n't seen that one .
I hope you have a great day !
I hope you enjoy them ! Have a great day !
What kind of movies do you like ?
@92018 is one to look to look to look to look to look good one to look to look to
I am not big on laser disc . lol
@98659 And @161572 are all the new movies that movie @172109 is a great movie @172109
I hope you enjoy them
ok , bye
What kind of movies are you looking for ?
Have you seen @159885 ?
I hope you enjoy them ! Have a great day !
I hope you enjoy them ! Have a great day !
I 'm good , thanks !
I have seen it
Have you seen @202153 ?
Have a good one .
Have a good day .
@135789 was a good movie
@135789 was also a good movie
@148674 was good too
or @101570 ? moonrise kingdom was a lot of people !
or @108301
Hi there ! What kind of movies do you like ?
Have you seen @125431 ?
I liked the original @204794 too
I hope you enjoy the movies
you are welcome , have a good day
What kind of movies do you like ?
@181065 . I liked that story . I liked that story . I liked that story . I liked that
Ugh was good . @167936 with that dummy channing tatum lol @194253 and send you @90691 lol @194253 and send
I have not seen it but it but it but it but it but it but it but it but
What type of movies do you like ?
Have you seen @163410 ?
Have you seen @184098 ?
I hope you have a great day !
I love action movies too
I have seen that one
what kind of movies are you looking for ?
Have you seen @76042
Have you seen @79935 ?
It was nice chatting with you
I hope you enjoy them
you are welcome
What kind of movies do you like ?
Have you seen the new one ?
I have n't seen it .
I have n't seen it .
I hope you enjoy them
Have a great weekend ahead
good , you ?
I am good and you ?
I have seen @81792 or @173575 series
I hope you have a great day !
@78399 oh ok , i hope these helps
I 'm good , thanks !
I am good , thanks !
Have you seen @108801 ?
@159885 is a good one of my favorites
Bye
Bye
bye
Hi , what kind of movie are you looking for ?
good , you ?
ok , how about @get out @196399
I liked the @203371 series too .
No problem . Have a good night !
No problem . Have a good night !
What type of movies do you like ?
what kind of movies do you like ?
@79284 might be of a great day to you as well .
some of them are my all kinds of movies are your are your are your are your are your are
You 're welcome .
Hi , what kind of movie are you looking for ?
good , you ?
I hope you enjoy them ! Have a great day !
I hope you enjoy them ! Have a great day !
I hope you enjoy them ! Have a great day !
I hope you enjoy them ! Have a great day !
I have not seen it but I have heard of it but I have heard of it but it but
have you seen the new @119144 ?
good , you ?
I have not seen it but I will have to recommend @184418
ok , i hope you enjoy them . Have a great day !
I have n't seen it . I will have to check those out .
you are welcome , have a good night
you too bye
I 'm good , thanks !
Sure can you give me a few minutes
Sure can you give me a few minutes
I have not seen it was a big movie
I 'm good , thanks !
I 'm good , thanks !
I 'm not a fan of @145728
I hope you enjoy them
I have n't seen that one . I will have to check it out .
I hope you have a great day !
Hi , what kind of movies are you looking for ?
Sure , I can ! Have you seen the new @204974 yet ?
I have n't seen it yet , but I will have to go wrong with the characters
I have n't seen it yet , but I will have to go see it .
I am not a fan of the movies but I 'm not a fan of the movies but I 'm
What kind of movies are you looking for ?
I love documentaries too . How are you ?
@150318 is a good historical romance combo
I liked it , how about @190285
I have n't seen it .
I have n't seen it .
I hope you enjoy the recommendations . Have a great day !
I have n't seen it .
I hope you enjoy them
you too bye
I 'm good , thanks !
I have n't seen it yet ?
I have n't seen that one , but I will have to check those out .
I also liked @170037 and funny
@158679 is also a good one
And of course , with him
You too !
I hope you enjoy them
You too !
@183695 was also a pretty good one .
Hi there ! What kind of movies do you like ?
I 'm good , thanks !
Have you seen the new @204974 yet ?
I hope you enjoy them
I 'm good , thanks !
Have you seen the new @204974 yet ?
Sure can you give me a few minutes
Have you seen the new @83552 ?
@136810 is another good one .
@199532 was quit playing a great night
I 'm good , thanks !
Have you seen @184098 ?
@98659 and @161572
I hope you enjoy them ! Have a great day !
I 'm good , thanks !
Have you seen @blade rumm @170376 ?
I have seen that one
I hope you have a great day !
What kind of movies do you like ?
I have seen the new @204974 ?
I have seen it
I hope you enjoy them !
I hope you enjoy them ! Have a great day !
I liked the first one too .
I hope you enjoy them ! Have a great day !
I hope you enjoy them ! Have a great day !
I hope you enjoy them ! Have a great day !
What kind of movies do you like ?
I have seen all of them
I can certainly do too .
I hope you enjoy them ! Have a great day !
@174489 was also a good one
bye
What kind of movies do you like ?
I liked it , but I also liked @140859
I hope you have a great day !
I hope you have a great day !
bye
Sure , can you give me a few minutes
I have seen it ?
also @129530
ok , well have a good day
@181065 . I liked him in @149916 , but it was a lot of the movie .
@136810 is another good one .
ok , have a good day
Have you seen @139400 lol
I hope you enjoy them ! Have a great day !
Kong Skull Island was good .
I hope you enjoy them
I have seen that one
I hope you enjoy the movies
I hope you enjoy them
I hope you like these helped . Have a great day .
Have you seen the new @204974 yet ?
@136810 is another good one .
I have n't seen it . I will have to check those out .
ok , bye
bye
What kind of movies do you like ?
Have you seen the new @204974 yet ?
Have you seen @159895 or @202374 ?
Your welcome
Have you seen @138962 ?
I have not seen that one , but I will have to check those out .
I have n't seen it but I will have to check them out . I have a lot of people
Hi there ! What kind of movies do you like ?
Have you seen @184098 ?
Have you seen @184098 ?
ok
I hope you enjoy them
I hope you enjoy them ! Have a great day !
Sure , have you seen the new @204974 yet ?
ok , @160661 was a really good film based on a really good film based on a really good film
I have n't seen the sequels , but I have been great as a great day
I hope you enjoy them ! Have a great day !
Your welcome . Have a great day !
Have a great day !
Hi there ! What kind of movies do you like ?
I have n't seen it , but I will have to check it out .
I have n't seen @82923 @82923 @82923 @82923 @82923 @82923 @82923 @82923 @82923 @82923 @82923 @82923 @82923 @82923 @82923 @82923
I hope you enjoy them ! Have a great day !
Have you seen the new @204974 yet ?
I have seen that one
Have you seen @169419 ?
@136810 is another good one
Yeah , it was a good one
you too bye
I have seen the new @187028
@151089 @159800
I liked the original @195148 better . It 's a classic horror film .
I hope you like them ! Have a great day !
I hope you enjoy them
I hope you enjoy them
I hope you enjoy the movies
ok , @160661 goodbye
bye
What kind of movies do you like ?
I have not seen it but I will have to check those out
@134885 was good .
I hope you enjoy them
I hope you enjoy them
you are welcome
Hi there ! What kind of movies do you like ?
I 'm not a big fan of the recommender this one .
I have n't seen it , but I 'm not seen lately ?
I have n't seen it , but I 'm not seen it but I 'm not seen it but I
I hope you enjoy them ! Have a great day !
Understandable haha . Yeah , lol . Yeah , lol . I had a fun and I had fun and
Yeah , it was a good movie
Okay , well . Have a good evening .
Hi there ! What kind of movies do you like ?
I have n't seen it , but I will have to check it
I have n't seen it .
I hope you like them . Have a great day !
I have n't seen that one . I was a lot of people like documentaries . I 'd be a
ok , bye
I have n't seen it .
I have n't seen it .
I have n't seen it . I will have to check it out .
@187879 is old but classy
ok , @160661 was a true story
I hope you enjoy them
I hope you enjoy them
I hope you enjoy them
you too bye
What kind of movies do you like ?
I like the movie too .
I have n't seen it but I heard it .
I hope you like them ! Have a great day !
I hope you enjoy the movies
I hope you enjoy them
good bye
ok , bye
ok , bye
ok , how about the new @187028
I liked it , but I also liked @140859
I hope you like them ! Have a great day !
I hope you enjoy them . Have a great day !
Have you seen @174617 yet ?
@98659 And @161572 are both the new movie the new movie the new movie the new movie the new movie
I hope you enjoy the movies
ok , i hope you have a great day
ok
@98659 and @161572
Hi there ! What kind of movies do you like ?
Have you seen the movie @141648 ?
I have n't seen it .
I hope you enjoy them
I hope you enjoy them
I hope you enjoy them
You 're welcome !
bye
I hope you have a great day !
I hope you enjoy them ! Have a great day !
I hope you enjoy them ! Have a great day !
I hope you enjoy them ! Have a great day !
I hope you enjoy them ! Have a great day !
you are welcome , have a good night
Have you seen @138962 ?
I also liked @90766
I also liked @90766
I hope you enjoy them
you 're welcome
What kind of movies do you like ?
I have seen it ?
or @138913 (
I hope you enjoy them . Have a great day !
I hope you have a great day !
Hi , what kind of movie are you looking for ?
I hope you enjoy them all of them all of them all of them all of them all of them
I hope you enjoy them all of them all of them all of them all of them all of them
I hope you enjoy them . Have a great day !
I hope you enjoy them . Have a great day !
I have n't seen it . I will have to check those out .
I hope you enjoy them ! Have a great day !
you are welcome , have a good day
What kind of movies do you like ?
Have you seen @163410 ?
Have you seen the movie @188474 ?
you too
What kind of movies do you like ?
I used to quote it looked good
I used to quote it was a lot of the first one , I think we put it was a
I 'm good , you too , you might like @98746 or @152789
I have n't seen it but it .
I have n't seen that one , but I will have to admit it a bit of a slightly different
@148674 was good too
I have n't seen that one , but I was good
I have n't seen it , but I 'm not seen it but I 'm not seen it but I
I hope you enjoy them !
Oh , okay , okay , okay , okay , okay , okay , okay , okay , okay ,
Oh , okay , okay , okay , okay , okay , okay , okay , okay , okay ,
bye
I 'm not sure , I can recommend @92883
I also liked the sequel @114034 for a good laugh @126469
I liked @118353 and had a tear jerker
You 're welcome !
Sure , can you give me a few minutes
Have you seen the new @204974 yet ?
Have you seen @159895 or @202374 ?
I liked @173785
I liked @173785
Have you seen @138962 ?
@199532 was quit playing a great action movie
Have you seen @159895 or @202374 ?
I hope you have a great day !
Hi , what kind of movies do you like ?
I 'm good , thanks !
Have you seen @169419 yet ?
I have n't seen it . I will have to check it out .
good and you ?
Have you seen @138962 ?
! ! ! ! ! ! ! ! ! ! ! ! ! ! ! ! ! ! ! !
I have n't seen that one , but I 'm not seen that one , but I 'm glad to
@151089 @159800
@151089 @159800
@88484 was another good one too .
I hope you enjoy the movies
I liked the original @195148 better .
Sure , can you give me a few minutes
I have n't seen that one .
I have n't seen it .
I hope you have a great day !
I love comedies too !
I hope you enjoy them
I hope you enjoy them . Have a great day !
how about @140066 ?
How about @200523 ?
I love @193109
I am not sure if you are a meme
I have not seen it , but I heard good things about it , but I have been a long
I have n't seen it , but I hear it , it , it , it , it , it
ok , have a good day
What kind of movies are you looking for ?
I have seen that one
I liked the first one too
I hope you enjoy them
I hope you enjoy them ! Have a great day !
I hope you enjoy them ! Have a great day !
What kind of movies do you like ?
Have you seen the new @204974 yet ?
Have you seen the new @204974 yet ?
I hope you enjoy them ! Have a great day !
Your welcome . Have a great day !
you are welcome
What kind of movies do you like ?
to take to the best movies to the best movies to the best movies to the best movies to the
I liked to dance dance dance dance dance dance dance dance dance dance dance dance dance dance dance dance dance
I liked to dance dance dance dance dance dance dance dance dance dance dance dance dance dance dance dance dance
ok , how about @118888 . Another good one . Another good one . Another good one . Another good
Potter is legit
I hope you enjoy them ! Have a great day !
I hope you enjoy them ! Have a great day !
Sure , can you give me a few minutes
Have you seen the new @204974 yet ?
Have you seen the new @204974 yet ?
I have not seen it but I will have to check those out .
I have n't seen that one yet .
Oh , I guess I could be surprised
Have you seen the new @204974 yet ?
I have seen it
What kind of movies are you looking for ?
i liked those movies too
i liked @173785
I hope you enjoy them
Hi there ! What kind of movies do you like ?
I have seen that one
I liked @119144
I have seen it
Kong Skull Island was good .
ok , glad to have a good day
Hi there ! What kind of movies do you like ?
I have not seen it but I heard of it but I would recommend @95893
I have n't seen it yet , but I 've heard of it yet , but I have seen it
ok , how about the new @204974 ?
I hope you enjoy them ! Have a great day !
I hope you have a great day !
What kind of movies do you like ?
I have seen the new @204974 yet ?
Have you seen the new @204974 yet ?
I have seen the new @204974
I hope you enjoy them
you too bye
What kind of movies do you like ?
Have you seen the new @204974 yet ?
I have n't seen it yet . I will have to check those out .
@136810 is another good one .
Glad I could help .
I hope you enjoy them
bye
or @138913 (
I also liked @140859
ok , @160661 was a true story based on a true story based on a true story
Sure can you give me a few minutes
I have seen that one
I liked it too
I liked the first one too .
I hope you enjoy them
I hope you enjoy them
you are welcome
you are welcome
One of my favorites is @148904 and @170305 are not a lot of action movie !
One of my favorites is @148904 and @170305 are both of those are both of those are both of those
The last one was the best action packed . The last recommendation is @161313 was a classic . The last
bye
you are welcome
I have seen that one , how about @140651 ? or @99324 ?
I have seen that one
@198967 was a classic
I hope you have a great day !
You 're welcome . Have a good day !
What kind of movies do you like ?
Have you seen the new @204974 yet ?
I have not seen it but I will have to it but it but it but it but it but
What kind of movies do you like ?
@91547 is always a great kids .
I also liked @184098 and @111429
They are both good .
You 're welcome . Have a great day !
What kind of movies do you like ?
Have you seen the new @187028 yet ?
I have n't seen it . I heard of it . I really liked it . I would recommend it
I hope you enjoy the movies
I hope you enjoy them ! Have a great day !
Have you seen the new @204974 yet ?
@112069 was good
@112069 was good
I hope you enjoy them !
I hope you enjoy them
Sure , can you give me a few minutes
I have seen it
I have n't seen it yet . I will have to check those out .
I hope you enjoy them
I have seen the new @204974 yet ?
I liked @184098 and @199532 @199532 @199532 @199532 @199532 @199532 @199532 @199532 @199532 @199532 @199532
Trust me , have a great movie to watch
ok bye
I have seen that one
Have you seen the new @204974 yet ?
I have not seen it but I will have to check it out .
I have not seen it but I will have to check it out .
you too bye
I have n't seen it yet , but I will have to give it a few months ago .
@158556 was a great movie with Van Diesal . @137774 was also pretty good . Have you seen either of
@188831 this will be a great movie
I hope you enjoy them !
Have you seen the new @204974 yet ?
Have you seen the new @204974 yet ?
I have seen that one
have a good day
bye
I have seen the new @204974 yet ?
I have seen it yet . I liked it too .
I have seen it
I hope you enjoy them
you too bye
I can help you with that
I have not seen it yet . I heard it yet . I have heard it yet . I have
My daughter loves @116956 and @201761 My daughter loves @201761 My daughter loves @201761 My daughter loves @201761 My daughter
My last recommendation for a good night
My last recommendation for a good night
Have you seen any of them ?
I also liked @90766
Have you seen @165710 ?
Have you seen @81792 ?
I hope you have a great day !
Have you seen the new @204974 yet ?
I have n't seen it .
I have n't seen it .
I have not seen it but i will have to check it out
I hope you enjoy them
Have you seen @204895 ?
It 's a great movie .
@91547 is a Disney movie .
Ok great !
Have you seen the new @204974 yet ?
I have n't seen it , but I 've heard good things about it , but it , but it
I have n't seen it .
You 're welcome !
Have you seen @112069 ?
Have you seen @112069 ?
Have you seen @112069 ?
I have seen that one , but I liked them , the Streaming only one that came out this year
I have seen it
I have n't seen it , but I will have to be a big fan of the one
I hope you enjoy them
I hope you enjoy them ! Have a great day !
ok , bye
What kind of movies are you looking for ?
I have not seen it
I have n't seen it .
I have n't seen it .
have you seen @120047 ?
I have seen that one
you are welcome have a great day
_UNK_ is a good one
or @111488
also a good one is a good one of the best movie
I hope you have a great day !
ok , i hope you enjoy them
Have you seen the new @204974 yet ?
Have you seen the new @204974 yet ?
I have n't seen it yet . I will have to check those out .
Have you seen the new @204974 yet ?
Have you seen @148904 ?
What kind of movies are you looking for ?
So is a classic
So is @97040 is about that is about that is about that is about that is about that is about
Gemma Arterton
What kind of movies are you looking for ?
Sure , how about @84798
Have you seen @132725 ?
@183943 is good too .
Have you seen the new @204974 yet ?
I hope you enjoy them ! Have a great day !
I 'm good , you ?
@96307 is always good .
I have not seen it but heard it but heard it but heard it but heard it but heard it
I have a few movies , and liked ?
I have seen that one , but I have a lot of them all the @82923 ?
I have not seen it , but I was really good .
I hope you enjoy them ! Have a great day !
Have you seen the new @204974 yet ?
I hope you enjoy them ! Have a great day !
I hope you enjoy them
Hi there ! What kind of movies do you like ?
Have you seen @82923 those ?
I have n't seen that one , but I 'm a few times .
I hope you enjoy them ! Have a great day !
you are welcome !
@94474 was a good movie
What kind of movies do you like ?
Have you seen the movie @188474 It was a good comedy . Have you seen @120792 I loved those movies
I hope you enjoy them ! Have a great day !
What kind of movies do you like ?
Have you seen the new @204974 yet ?
Have you seen the new @204974 yet ?
@109064 is a good one
@109064 is a good one
I hope you enjoy them . Have a great day !
I hope you enjoy them
Hi , I can recommend a few more action movie
I have n't seen it yet . I will have to go see it . I like it . I
I have seen it
I hope you enjoy them . Have a great day !
What kind of movies do you like ?
Have you seen @202153 ?
I have n't seen that one . I will have to admit it a while ago .
I hope you enjoy the movies ! Have a great day !
Hi there ! What kind of movies do you like ?
Hmm .. @149402 I 'm a suspense
@159885 is a good one of the best family movie
@188831 this will be a great movie
I hope you have a great day !
Have you seen the new @204974 yet ?
I have n't seen that one .
no problem
Have you seen @165710 ?
great !
I have n't seen it .
I hope you have a great day !
I hope you have a great day !
I have seen it ?
These are all good movies are all good movies are all good movies are all good movies are all good
I hope you enjoy them ! Have a great day !
I have seen the new @83552
@134101 is another good one
I have n't seen it .
I hope you enjoy them ! Have a great day !
I liked @119144
I have n't seen it .
I have n't seen that one .
@159885 is a good one too
Bye
What kind of movies do you like ?
I have seen the new @204974 yet ?
I have seen the new @204974 yet ?
I hope you enjoy them
I can !
@96307 is always good .
I have seen @140749
I hope you enjoy them !
I hope you enjoy them !
Hi there ! What kind of movies do you like ?
Have you seen the movie @141648 ?
I have not seen it , but I will have to check those out .
I hope you enjoy them . Have a great day !
you are welcome
Sure , can you give me a few minutes
I have n't seen it yet , but I will have to check those out .
I have not seen it but it but it but it but it but it but it but it but
Your welcome . Bye
What kind of movies do you like ?
Have you seen @202153 ?
Have you seen @202153 ?
I hope you enjoy them
What kind of movies are you looking for ?
Have you seen the new @83552 ?
oh ok
What kind of movies do you like ?
ooh ok , have you seen @106407
Hmm .. @149402 I 'm looking for a suspense
you are welcome bye
you are welcome
bye
What kind of movies do you like ?
I 'm not a fan of @145728
I hope you enjoy them ! Have a great day !
I hope you enjoy them , have a great day !
Sure can you give me a few minutes
I have n't seen it yet , but I will have to check it out .
I hope you have a great day !
great , have a great day
no problem
no problem bye
good night
good bye
I 'm good , thanks !
I have n't seen it but I saw it but I was a lot of people and it but I
Seattle
I liked @140859
I hope you enjoy them . Have a great day !
ok , I hope you enjoy them
I hope you enjoy them
What kind of movies are you looking for ?
I 'm good , thanks !
oh yeah , i love that movie too
Yep , it is a good one
I hope you enjoy them
I hope you have a great day
I hope you enjoy them ! Have a great day !
I hope you enjoy the recommendations
I have not seen that one , i will have to check those out .
I have n't seen it , but I 'm not seen it , but I 'm not seen it ,
I have n't seen it .
I liked it , but I liked it , you too .
I liked the first one too .
I hope you have a great day !
I hope you enjoy them ! Have a great day !
I hope you enjoy them ! Have a great day !
I hope you enjoy them ! Have a great day !
Hi , what kind of movies do you like ?
Have you seen the new @187028 yet ?
@151089 @159800
I hope you like them
you too bye
Sure can you give me a few minutes
I have not seen it yet but I will have to check it out myself
I have n't seen that one .
No problem . Have a good day !
Understandable haha . I had to the movie . Have you seen @151350 ?
Understandable haha . lol . lol . lol . lol . lol . lol . lol . lol . lol
I hope you enjoy them
@134885 was good
kicking butt
I hope you enjoy them all of them all of them all of them all of them all of them
I hope you enjoy them
I hope you enjoy them
Have you seen @159885 ?
Have you seen @159885 ?
I have n't seen that one .
I hope you enjoy them
I hope you enjoy them ! Have a great day !
I hope you enjoy them !
bye
What kind of movies are you looking for ?
Have you seen the new @187028 yet ?
I liked the original @195148 better .
ok , @160661 was really good as @166131 was more of a good film
yes , it was a good movie
I like the original @204794 too
I liked the @203371 series too .
What kind of movies do you like ?
I liked the Streaming only one that came out this year
I liked the Streaming only one that came out this year
I hope you enjoy them
I hope you enjoy them
I hope you enjoy them ! Have a great day !
I hope you enjoy them
@135789 was a good movie
@135789 was a good movie
showing up . I suggest you seen it . I suggest you seen it . I suggest you seen it
you too bye
I have n't seen it . I saw it was good and liked it was good as well
I liked the original @195148 better .
I liked the original @195148 better .
I hope you enjoy the movies
I like comedies too ! Have you seen the movie @188474 It was a good comedy . Have you seen
I have n't seen that one , but I will have to check those out .
I have n't seen that one , but I will have to check those out soon .
I hope you enjoy them ! Have a great day !
I hope you enjoy them ! Have a great day !
Hi , I can help with that I help you with that I help with that I help with that
I have n't seen it , but I 'm not seen it but I 'm not seen it but I
I hope you enjoy them ! Have a great day !
Hi there ! What kind of movies do you like ?
I have n't seen it yet , but I heard of it yet , but I have you seen the
I have n't seen it .
I hope you enjoy them !
you too
I 'm good , thanks for asking
I liked @140859
I have n't seen it .
I also really liked the first one too
I hope you enjoy them . Have a great day !
I hope you enjoy them !
you are welcome !
Sure can you give me a few minutes
I have n't seen it .
I liked @173785
I have n't seen that one , but I will have to go wrong with the name of the movie
I have n't seen any of them , I can recommend for you ?
you too bye
bye
I have a few movies for you seen the kids and liked ?
I have n't seen it , but I 'm not seen it but I 'm not seen it but I
I have n't seen it , but I 'm not seen it but I 'm not seen it but I
I hope you enjoy them ! Have a great day !
@165710 is a good movie
I have n't seen it yet , but I can understand .
I have n't seen it , but I 'm not seen it but I 'm not seen it but I
I hope you enjoy them !
I hope you enjoy them ! Have a great day !
Have you seen the new @204974 yet ?
Have you seen @148904 ?
I have seen that one
I hope you enjoy them . Have a great day !
you are welcome
I liked @138962 and @204455
@141732 and @192815
@141732 and @192815
THANKS !
I love those movies too ! Have you seen @166052 or what about @122385
I liked @101081 @101081 @101081 @101081 @101081 @101081
I also liked @170037 and funny
I have n't seen that one , but I will have to check those out .
bye
Hi there ! What kind of movies do you like ?
Have you seen @184098 ?
@184098 was good
@105031 was a good one .
showing up , but he was hilarious . I believe he was hilarious . I believe he was hilarious .
Have you seen @119144 ?
Have you seen @119144 ?
I have n't seen it .
I hope you enjoy them ! Have a great day !
Have you seen @100493 or @193762 ? Both are really funny !
I have n't seen that one . I will have to check those out .
I have not seen that one , but I will have to check it out myself .
You 're welcome . Have a great day !
Ewww ! Have you seen @167756 ?
How about @183910
Hi , what kind of movie are you looking for ?
I have n't seen it , but I 'm not seen it but I 'm not seen it but I
I hope you have a great day !
you are welcome
What kind of movies do you like ?
Have you seen the new @83552 ?
I have not seen that one , but I will have to check those out
I have not seen that one , but I will have to check it out .
I hope you enjoy them
I liked it .
you too bye
What kind of movies do you like ?
Have you seen @138962 ?
I have n't seen that one .
I have n't seen that one . I will have to check those out .
I hope you enjoy them ! Have a great day !
bye
What kind of movies do you like ?
A good one is @100493 and does a new but I have to have to have to have to have
It 's a great movie .
ok , @160661 was a true story by film based on a true story
Hi there ! What kind of movies do you like ?
I have n't seen it , but I will have to check it out .
I liked both of those too .
I have heard that one
I hope you enjoy them !
What kind of movies are you looking for ?
I have not seen it but it but it but it but it but it but it but it but
I have not seen that one . I heard of that one . But I expected
Have you seen @166052 or how about @190418 or how about @190418 or how about @190418 or how about @190418
@166052 is good
I hope you enjoy them !
you too
What kind of movies do you like ?
Have you seen @159895 or @202374 ?
Have you seen @159895 or @202374 ?
I have n't seen it yet . I will have to check it out .
I have n't seen it . I have heard of it . I have heard of it . I have
I have seen it
ok , well I hope you have a great day !
Have you seen the new @204974 yet ?
Have you seen @148904 and @170305 yet ?
@136810 is another good one .
@121726 is a great action movie with John Travolta and Denzel Washington ?
@136810 is another good one .
I hope you enjoy them ! Have a great day !
Sure , how about @205744 ... only in the theatre haha
I hope you have a great day !
I have n't seen that one , but I 'm not seen that one , but I 'm not seen
I hope you enjoy them
You 're welcome . Have a great day !
Hi there ! What kind of movies do you like ?
I have seen that one
I also liked @122385 and @140335 and seth rogan
I have n't seen it .
I hope you enjoy them
Have you seen the new @83552 ?
I have n't seen it yet .
I have n't seen it yet .
you too bye
Hi there ! What kind of movies do you like ?
I 'm sure , I can recommend @92883
or @87664 , Rachel Mcadams is always a good pick . A good pick . A good pick . A
I hope you have a great day !
ok
bye
Hi , what kind of movie are you looking for ?
I have seen @165710
Have you seen the new @83552 ?
I have n't seen it yet , but I will have to check it out .
I hope you enjoy them . Have a great day !
I hope you enjoy them
I hope you enjoy them
Have you seen @163410 ?
I have n't seen it yet , but I heard of it yet , but I have heard of it
I have n't seen it yet , but I heard of it .
I hope you enjoy them all of them all of them all of them all of them all of them
how about @140066 or @204331
I have n't seen that one , but I 'm not seen that one , but I 'm sure ,
I hope you have a great day !
it 's a good day !
What kind of movies are you looking for ?
I am good and you ?
Any particular genre you needed ?
A physic student trys to find out about two out about two out about two out about two out about
A good romantic comedy that I LOVE is @202333 with Arnold Schwartenegger
ok , bye
Have you seen the new @83552 ?
I have n't seen that one .
I have n't seen that one .
you too
Sure , how about @140066 or @204331
I have n't seen it .
I have n't seen that one .
I have n't seen it yet , but I will have to check those out soon .
I hope you have a great day bye
I hope you have a great day bye
bye
Hello , what kind of movies are you looking for ?
Have you seen @94078 that one was cute too .
I have seen @133249 @133249 ?
bye
Any particular genre you needed ?
Love him
Another good one is @100493
i hope you have a great day
you too
Hi there ! What kind of movies do you like ?
Have you seen @132725 ? She 's a horrible script ?
I have n't seen it .
I hope you enjoy them ! Have a great day !
I 'm good , thanks !
I have a few movies , I can recommend is @100493
I have n't seen it . I heard of it . I have heard of it . I have heard
Kong Skull Island was good .
Kong Skull Island was good .
I suggest @78874 @157765 , with Sandra Bullock
Hmm .. @149402 I 'm a suspense
I have n't seen it yet , but I 'm not seen it but I 'm not seen it but
you too bye
bye
I have n't seen any of the new movies ?
I have not seen any of the new ones ?
I hope you like them ! Have a great day !
you too bye
Hi , what kind of movies do you like ?
Have you seen @81792 or @87208 ? I 've heard @97413 is good , too .
I have n't seen it , but I hear it , I 'm not seen @94078 I could n't seen
I have not seen it yet . I will have to rent it soon .
I hope you enjoy them
I hope you enjoy them ! Have a great day !
Have you seen @138962 ?
I love those movies too ! Have you seen @138962 ?
classy and also @182174 and @128905 those are good too
There is also @126469
There is also a classic
ok , @160661 was a good film based on a good film based on a good film based on a
Have you seen @132728 ?
I liked it too .
I have n't seen it .
I hope you enjoy them . Have a great day !
Sounds good , have a good day
I have seen @165710
Have you seen @165710 ?
@159885 was good too
I hope you enjoy them ! Have a great day !
no problem , have a good day
Have you seen the new @204974 yet ?
Have you seen the new @204974 ?
Have you seen @159895 or @202374 ?
I hope you enjoy them . Have a great day !
you too bye
What kind of movies do you like ?
I have seen that one
I hope you enjoy them
I have n't seen it yet , but I will have to check those out .
I hope you enjoy them
Hi , what kind of movies do you like ?
@181065 . I liked that story as a kid . I liked that story as a kid . I liked
@78399 oh ok , i hope these helps
@81792 is another good one .
you are welcome
Hi , what kind of movie are you looking for ?
I have a few movies too .
I have not seen it yet .
@159499 and @193272 and @169953 are also really good movies
Kong Skull Island was good .
you too
@102417 is one .
@91547 is always a Disney . @182731 is always a Disney . @182731 is always a Disney . @182731 is
I hope you enjoy them ! Have a great day !
I hope you enjoy them ! Have a great day !
Have you seen the new @187028 yet ?
I have n't seen it . I will have to check it out .
I have n't seen it . I will have to check those out .
I have n't seen it . I will have to check those out .
Hi there ! What kind of movies do you like ?
I would recommend @82657
I would also like to watch @204974 .
I liked the @203371 series too .
I have not seen it but it but it but it but it but it but it but it but
you too
ok , bye
Have you seen @184418 ?
I hope you have a great day !
I liked it .
ok , bye
Hi there ! What kind of movies do you like ?
@184418 was a good movie
I have n't seen it . I heard of it . I really liked it . I hope you seen
I hope you enjoy the movies
I hope you enjoy them . Have a great day !
you too
Hi there ! What kind of movies do you like ?
Have you seen the new @204974 yet ?
I have seen them
I have not seen it but I will have to check those out .
I have not seen it but it but it but it but it but it but it but it but
you are welcome
bye
I have seen that one
I liked @158571
Yep , that is a good one that I guess .
I hope you enjoy them
Hi there ! What kind of movies do you like ?
I love action movies ! Have you seen the new @204974 yet ?
Have you seen the new @204974 ?
Have you seen the new @204974 ?
yes it was a good movie
I hope you enjoy them
Hi , I can help with that
@142890 was a good one , and @144628
@142890 was a good one , and @144628
I hope you enjoy them
What kind of movies do you like ?
Have you seen the new @204974 yet ?
I have seen it
I have n't seen it .
I hope you have a great day !
I have n't seen that one .
Hi there ! What kind of movies do you like ?
Have you seen the new @204974 yet ?
I have n't seen it yet . I heard of it yet . I have heard of it yet .
yahs
ok , bye
Hi there ! What kind of movies do you like ?
Have you seen the new @204974 yet ?
@113055 and @78340 was good
yahs
I hope you enjoy them
What kind of movies do you like ?
Have you seen the new @83552 ?
I have n't seen it .
I have n't seen it .
I hope you enjoy it
I hope you enjoy them all of them all of them all of them all of them all of them
you too bye
Sure can you give me a few minutes
I have seen it
or @169419 ?
or @169419
Have you seen the new @187028 yet ?
I liked the @203371 series too .
I hope you enjoy them
Hi , I love horror movies too ! Have you seen the new @187028 yet ?
I liked the original @204794 too
I hope you enjoy them
Hi there ! What kind of movies do you like ?
Sure , can you give me a few minutes
I have seen the new @204974 yet ?
I hope you enjoy them
Hi there ! What kind of movies do you like ?
I have seen that one
I liked @119144
I hope you enjoy them . Have a great day !
Hi there ! What kind of movies do you like ?
Sure , wehich comedians do you like ?
Have you seen @184098 ?
Hi there ! What kind of movies do you like ?
I liked the original @147934 and @170376 too
good bye
bye
Hi there ! What kind of movies do you like ?
Have you seen the new @204974 yet ?
I have not seen it but i will have to check those out
I hope you enjoy them ! Have a great day !
Your welcome . Have a great night !
Hi there ! What kind of movies do you like ?
Have you seen the new @204974 yet ?
Have you seen the new @204974 yet ?
I have n't seen it . I 'm a big action movie .
bye
I love horror movies too ! Have you seen @184418 ?
I liked the original @204794 too
I liked the original @195148 better . It 's a classic horror film .
you are welcome , have a good day
I love horror movies too ! Have you seen the movies
I hope you enjoy them , have a great day !
I hope you enjoy them ! Have a great day .
I have seen that one
I have not seen it , but I heard it , but I have heard it , but I have
I have not seen it , but I heard it , but I have heard it , but I have
I hope you enjoy them ! Have a great night !
I hope you enjoy them ! Have a great night !
I liked the sequels too .
Hi there ! What kind of movies do you like ?
i have seen that one
I have n't seen that one , but I will have to check those out .
I have n't seen that one , but I 've heard of that one , but I have to expect
I have not seen that one yet , but I will have to check it out myself .
I have n't seen that one .
I hope you have a great day !
bye
I have not seen that one , but I will have to come up with that one
I have n't seen that one , but I will have to check those out .
I have n't seen that one , but I 'm not seen that one , but I 'm not seen
I hope you have a great day !
bye
What kind of movies are you looking for ?
I love those movies too
I love those movies too
I hope you enjoy them !
I hope you enjoy them
I have n't seen it yet . I heard of it yet . I have heard of it yet .
I liked it , but it , you too .
I have n't seen it , but I will have to check it out .
I hope you enjoy them ! Have a great day !
I hope you like them ! Have a great day !
you too !
Have you seen the remake of @187028 ?
I liked it , but it , you too .
I hope you enjoy them
I have a good day
I liked the first one too . I also liked @140859
I liked @140859
I liked @140859
@148674 was a little creepy actually a little creepy actually a little creepy
Hi , what kind of movies are you looking for ?
I 'm good , you too , you might like @98746 or @184451 did NOT a good one that are
I have n't seen it . I really liked it , but I would recommend it .
I have not seen it , but I really liked it , but I would recommend it .
I liked it , but I liked it , but I liked it , but I liked it , you
I hope you enjoy them
I hope you enjoy them . Have a great day !
I hope you enjoy them
you too bye
you too bye
I love horror movies too ! Have you seen the original @115463 ?
I liked the original @195148 better than the original @195148 better than the original @195148 better than the original @195148
I hope you enjoy them . Have a great day !
Hi , what kind of movies do you like ?
Have you seen the new @204974 yet ?
Have you seen the new @204974 yet ?
I have seen it
you too bye
What kind of movies do you like ?
Have you seen the new @83552 ?
I have n't seen that one . I will have to go see it .
I 'm not a big fan of the recommender this one .
I have seen the new @204974 yet ?
I love horror movies too ! Have you seen the original @187879 those ?
i liked @140859
I liked the original @115463 movies too .
I hope you enjoy the movies
you too
you are welcome , have a good night
you too
Hi there , what kind of movies do you like ?
I have n't seen it .
I hope you have a great day !
you are welcome
you are welcome
ok , bye
bye
bye
Hi , what kind of movies are you looking for ?
Sure can you give me a few minutes
max fury is a nice movie * mad fury
I have n't seen it . I will have to check it out .
I liked it too .
I have not seen it but I will have to check those out
If you like @179943 and Sam _UNK_ films he 's a deaf woman has a serial killers , slightly different
I liked it a clockwork orange
Hi there , have you seen the new movie @121902 ?
I have not seen it .
its a good mix of action and action and action and action and action and action and action and action
I hope you enjoy them ! Have a great day .
Have you seen @165710 ?
Have you seen @159885 ?
I have n't seen it yet , but I have you seen @82923
I liked the original better than the original
you are welcome
Hi there , what kind of movies are you looking for ?
I 'm good , thanks for asking
Have you seen the new @83552 ?
I have n't seen it .
I hope you have a great day !
Name one that you have seen and liked .
I hope you enjoy them ! Have a great day !
I hope you enjoy them . Have a great day !
I hope you enjoy them . Have a great day !
Hi , I can help with that
I have n't seen it yet , but I will have to check those out .
I have n't seen it yet , but I will have to check those out .
I hope you have a great day !
Have you seen the new @83552 ?
I have n't seen it yet .
I have n't seen it .
I hope you enjoy them
you are welcome
i liked the first one too
I have n't seen that one , but I will have to check those out .
I hope you enjoy them
Hi , I can !
I have seen them
I have not seen it but I will have to check those out .
Bye
Hi , what kind of movies are you looking for ?
I have seen that one , but I love it ?
I hope you enjoy them . Have a great day !
I 'm good , I can help you with that
I hope you enjoy them all of them all of them all of them all of them all of them
I hope you enjoy it
I hope you enjoy them
Hi , what kind of movies do you like ?
Have you seen @165710 ?
I would recommend @182731
@188831 this will be a great movie
I can help you with that
I liked the movie too
I have n't seen it .
you too bye
Hi , what kind of movies do you like ?
Sure can you give me a few minutes
@159885 is a good one of the alltime favorites for kids for kids for kids for kids for kids for
@159885 is a good one of the best of the best of the best of the best of the best
These are all great films for films for films for films for films for films for films for films for
@162647 was super cute as much acceptable . Just good than good than people tend to push today . Just
Sure can you give me a few minutes
I also liked @184098
I hope you enjoy them . Have a great day !
Sure can you tell me a few more of those are @177112 or @199831 or @199831 or @199831 or @199831
I have n't seen it .
I have n't seen it .
Sure , have you seen the new @204974 ?
I hope you enjoy them !
I hope you enjoy them ! Have a great day !
I hope you enjoy them ! Have a great day !
I hope you enjoy them . Have a great day !
Have you seen the new @204974 ?
I have n't seen it , but I will have to admit it a book .
I hope you enjoy them . Have a great day !
I like the older ones too . The @183706 are good too old movies too old movies too old movies
I have n't seen it .
I have n't seen it .
I hope you enjoy them ! Have a great day !
I hope you enjoy them
I have not seen it , but I heard of it , but I can recommend a few movies ,
I have n't seen that one . I will have to check it out .
I have not seen it , but I will have to check it out .
I have n't seen it , but I 'm not seen it , but I 'm not seen it ,
I have n't seen it . I will have to check those out .
I hope you enjoy them ! Have a great day !
I hope you enjoy them . Have a great day !
ok , have a good day
I have seen that one
NIce ! Have you seen @142573 ?
I have not seen it but I will have to check it out myself
Have you seen the new @83552 ?
I also liked the first one too .
I have n't seen it .
Yeah , it was a good movie
I hope you enjoy them . Have a great day !
Hi , what kind of movie are you looking for ?
I 'm not a fan of the anime @92018 might be a good one to look into .
Have you seen the new @83552 ?
I have n't seen it .
I have n't seen that one , but I will have to check those out .
I hope you enjoy them . Have a great day !
I hope you enjoy them ! Have a great day !
ok , bye
Sure can you give me a few minutes
ok , how about @184418
I have n't seen it , but I heard of it , it , it , it , it ,
I hope you enjoy them
I hope you enjoy the movies
or @141996 ?
you too bye
I 'm not a big fan of the recommender this one
or a classic
I have not seen it but it but it but it but it but it but it but it but
I have not seen it
I hope you enjoy them
you are welcome
Sure can you give me a few minutes
ok , how about @100935 ?
I have not seen it .
I have n't seen it , it , it , it , it , it , it , it ,
I hope you enjoy them !
I hope you enjoy them ! Have a great day !
I hope you enjoy them !
ok
ok , @185684 is set in france
What kind of movies do you like ?
I have seen that one
or @83624 was a family trying to survive here
or @83624
I liked @158571
ok , bye
